Archive member included to satisfy reference by file (symbol)

d:/rtt/env/env_released_1.1.2.alpha/env/tools/gnu_gcc/arm_gcc/mingw/bin/../lib/gcc/arm-none-eabi/5.4.1/armv7-ar/thumb\libgcc.a(_udivsi3.o)
                              build\kernel\src\ipc.o (__aeabi_uidiv)
d:/rtt/env/env_released_1.1.2.alpha/env/tools/gnu_gcc/arm_gcc/mingw/bin/../lib/gcc/arm-none-eabi/5.4.1/armv7-ar/thumb\libgcc.a(_divsi3.o)
                              build\kernel\src\clock.o (__aeabi_idiv)
d:/rtt/env/env_released_1.1.2.alpha/env/tools/gnu_gcc/arm_gcc/mingw/bin/../lib/gcc/arm-none-eabi/5.4.1/armv7-ar/thumb\libgcc.a(_dvmd_tls.o)
                              d:/rtt/env/env_released_1.1.2.alpha/env/tools/gnu_gcc/arm_gcc/mingw/bin/../lib/gcc/arm-none-eabi/5.4.1/armv7-ar/thumb\libgcc.a(_udivsi3.o) (__aeabi_idiv0)
d:/rtt/env/env_released_1.1.2.alpha/env/tools/gnu_gcc/arm_gcc/mingw/bin/../lib/gcc/arm-none-eabi/5.4.1/armv7-ar/thumb\libgcc.a(_arm_addsubdf3.o)
                              build\kernel\components\libc\compilers\minilibc\math.o (__aeabi_dsub)
d:/rtt/env/env_released_1.1.2.alpha/env/tools/gnu_gcc/arm_gcc/mingw/bin/../lib/gcc/arm-none-eabi/5.4.1/armv7-ar/thumb\libgcc.a(_arm_muldivdf3.o)
                              build\kernel\components\libc\compilers\minilibc\math.o (__aeabi_dmul)
d:/rtt/env/env_released_1.1.2.alpha/env/tools/gnu_gcc/arm_gcc/mingw/bin/../lib/gcc/arm-none-eabi/5.4.1/armv7-ar/thumb\libgcc.a(_arm_fixdfsi.o)
                              build\kernel\components\libc\compilers\minilibc\math.o (__aeabi_d2iz)
d:/rtt/env/env_released_1.1.2.alpha/env/tools/gnu_gcc/arm_gcc/mingw/bin/../lib/gcc/arm-none-eabi/5.4.1/../../../../arm-none-eabi/lib/armv7-ar/thumb\libc.a(lib_a-exit.o)
                              d:/rtt/env/env_released_1.1.2.alpha/env/tools/gnu_gcc/arm_gcc/mingw/bin/../lib/gcc/arm-none-eabi/5.4.1/../../../../arm-none-eabi/lib/armv7-ar/thumb/crt0.o (exit)
d:/rtt/env/env_released_1.1.2.alpha/env/tools/gnu_gcc/arm_gcc/mingw/bin/../lib/gcc/arm-none-eabi/5.4.1/../../../../arm-none-eabi/lib/armv7-ar/thumb\libc.a(lib_a-impure.o)
                              d:/rtt/env/env_released_1.1.2.alpha/env/tools/gnu_gcc/arm_gcc/mingw/bin/../lib/gcc/arm-none-eabi/5.4.1/../../../../arm-none-eabi/lib/armv7-ar/thumb\libc.a(lib_a-exit.o) (_global_impure_ptr)
d:/rtt/env/env_released_1.1.2.alpha/env/tools/gnu_gcc/arm_gcc/mingw/bin/../lib/gcc/arm-none-eabi/5.4.1/../../../../arm-none-eabi/lib/armv7-ar/thumb\libc.a(lib_a-init.o)
                              d:/rtt/env/env_released_1.1.2.alpha/env/tools/gnu_gcc/arm_gcc/mingw/bin/../lib/gcc/arm-none-eabi/5.4.1/../../../../arm-none-eabi/lib/armv7-ar/thumb/crt0.o (__libc_init_array)
d:/rtt/env/env_released_1.1.2.alpha/env/tools/gnu_gcc/arm_gcc/mingw/bin/../lib/gcc/arm-none-eabi/5.4.1/../../../../arm-none-eabi/lib/armv7-ar/thumb\libc.a(lib_a-sysgettod.o)
                              build\kernel\components\libc\compilers\minilibc\time.o (gettimeofday)
d:/rtt/env/env_released_1.1.2.alpha/env/tools/gnu_gcc/arm_gcc/mingw/bin/../lib/gcc/arm-none-eabi/5.4.1/../../../../arm-none-eabi/lib/armv7-ar/thumb\libc.a(lib_a-__call_atexit.o)
                              d:/rtt/env/env_released_1.1.2.alpha/env/tools/gnu_gcc/arm_gcc/mingw/bin/../lib/gcc/arm-none-eabi/5.4.1/../../../../arm-none-eabi/lib/armv7-ar/thumb\libc.a(lib_a-exit.o) (__call_exitprocs)
d:/rtt/env/env_released_1.1.2.alpha/env/tools/gnu_gcc/arm_gcc/mingw/bin/../lib/gcc/arm-none-eabi/5.4.1/../../../../arm-none-eabi/lib/armv7-ar/thumb\libc.a(lib_a-atexit.o)
                              d:/rtt/env/env_released_1.1.2.alpha/env/tools/gnu_gcc/arm_gcc/mingw/bin/../lib/gcc/arm-none-eabi/5.4.1/../../../../arm-none-eabi/lib/armv7-ar/thumb\libc.a(lib_a-__call_atexit.o) (atexit)
d:/rtt/env/env_released_1.1.2.alpha/env/tools/gnu_gcc/arm_gcc/mingw/bin/../lib/gcc/arm-none-eabi/5.4.1/../../../../arm-none-eabi/lib/armv7-ar/thumb\libc.a(lib_a-fini.o)
                              d:/rtt/env/env_released_1.1.2.alpha/env/tools/gnu_gcc/arm_gcc/mingw/bin/../lib/gcc/arm-none-eabi/5.4.1/../../../../arm-none-eabi/lib/armv7-ar/thumb\libc.a(lib_a-__call_atexit.o) (__libc_fini_array)
d:/rtt/env/env_released_1.1.2.alpha/env/tools/gnu_gcc/arm_gcc/mingw/bin/../lib/gcc/arm-none-eabi/5.4.1/../../../../arm-none-eabi/lib/armv7-ar/thumb\libc.a(lib_a-gettimeofdayr.o)
                              d:/rtt/env/env_released_1.1.2.alpha/env/tools/gnu_gcc/arm_gcc/mingw/bin/../lib/gcc/arm-none-eabi/5.4.1/../../../../arm-none-eabi/lib/armv7-ar/thumb\libc.a(lib_a-sysgettod.o) (_gettimeofday_r)
d:/rtt/env/env_released_1.1.2.alpha/env/tools/gnu_gcc/arm_gcc/mingw/bin/../lib/gcc/arm-none-eabi/5.4.1/../../../../arm-none-eabi/lib/armv7-ar/thumb\libc.a(lib_a-reent.o)
                              d:/rtt/env/env_released_1.1.2.alpha/env/tools/gnu_gcc/arm_gcc/mingw/bin/../lib/gcc/arm-none-eabi/5.4.1/../../../../arm-none-eabi/lib/armv7-ar/thumb\libc.a(lib_a-gettimeofdayr.o) (errno)
[...]
Memory Configuration

Name             Origin             Length             Attributes
*default*        0x00000000         0xffffffff

Linker script and memory map

LOAD d:/rtt/env/env_released_1.1.2.alpha/env/tools/gnu_gcc/arm_gcc/mingw/bin/../lib/gcc/arm-none-eabi/5.4.1/armv7-ar/thumb/crti.o
LOAD d:/rtt/env/env_released_1.1.2.alpha/env/tools/gnu_gcc/arm_gcc/mingw/bin/../lib/gcc/arm-none-eabi/5.4.1/armv7-ar/thumb/crtbegin.o
LOAD d:/rtt/env/env_released_1.1.2.alpha/env/tools/gnu_gcc/arm_gcc/mingw/bin/../lib/gcc/arm-none-eabi/5.4.1/../../../../arm-none-eabi/lib/armv7-ar/thumb/crt0.o
LOAD d:/rtt/env/env_released_1.1.2.alpha/env/tools/gnu_gcc/arm_gcc/mingw/bin/../lib/gcc/arm-none-eabi/5.4.1/../../../../arm-none-eabi/lib/armv7-ar/thumb\libsupc++.a
LOAD d:/rtt/env/env_released_1.1.2.alpha/env/tools/gnu_gcc/arm_gcc/mingw/bin/../lib/gcc/arm-none-eabi/5.4.1/armv7-ar/thumb\libgcc.a
LOAD build\applications\main.o
LOAD build\drivers\board.o
LOAD build\libcpu\context.o
LOAD build\libcpu\start.o
LOAD build\kernel\src\clock.o
LOAD build\kernel\src\components.o
LOAD build\kernel\src\idle.o
LOAD build\kernel\src\ipc.o
LOAD build\kernel\src\irq.o
LOAD build\kernel\src\kservice.o
LOAD build\kernel\src\mem.o
LOAD build\kernel\src\object.o
LOAD build\kernel\src\scheduler.o
LOAD build\kernel\src\signal.o
LOAD build\kernel\src\thread.o
LOAD build\kernel\src\timer.o
LOAD build\kernel\components\libc\compilers\minilibc\ctype.o
LOAD build\kernel\components\libc\compilers\minilibc\math.o
LOAD build\kernel\components\libc\compilers\minilibc\qsort.o
LOAD build\kernel\components\libc\compilers\minilibc\rand.o
LOAD build\kernel\components\libc\compilers\minilibc\stdlib.o
LOAD build\kernel\components\libc\compilers\minilibc\string.o
LOAD build\kernel\components\libc\compilers\minilibc\time.o
START GROUP
LOAD d:/rtt/env/env_released_1.1.2.alpha/env/tools/gnu_gcc/arm_gcc/mingw/bin/../lib/gcc/arm-none-eabi/5.4.1/armv7-ar/thumb\libgcc.a
LOAD d:/rtt/env/env_released_1.1.2.alpha/env/tools/gnu_gcc/arm_gcc/mingw/bin/../lib/gcc/arm-none-eabi/5.4.1/../../../../arm-none-eabi/lib/armv7-ar/thumb\libc.a
END GROUP
LOAD d:/rtt/env/env_released_1.1.2.alpha/env/tools/gnu_gcc/arm_gcc/mingw/bin/../lib/gcc/arm-none-eabi/5.4.1/armv7-ar/thumb/crtend.o
LOAD d:/rtt/env/env_released_1.1.2.alpha/env/tools/gnu_gcc/arm_gcc/mingw/bin/../lib/gcc/arm-none-eabi/5.4.1/armv7-ar/thumb/crtn.o
                0x87800000                . = 0x87800000
                0x87800000                . = ALIGN (0x4)
                0x87800000                __text_start = .

.text           0x87800000     0x3fbc
 *(.vectors)
 .vectors       0x87800000       0x40 build\libcpu\start.o
                0x87800000                system_vectors
 *(.text)
 .text          0x87800040       0x6c d:/rtt/env/env_released_1.1.2.alpha/env/tools/gnu_gcc/arm_gcc/mingw/bin/../lib/gcc/arm-none-eabi/5.4.1/armv7-ar/thumb/crtbegin.o
 .text          0x878000ac       0xe0 build\applications\main.o
                0x878000ac                clk_enable
                0x878000d8                led_init
                0x87800108                led_on
                0x87800120                led_off
                0x87800138                delay_short
                0x8780015c                delay
 .text          0x8780018c       0x1c build\libcpu\context.o
                0x8780018c                rt_hw_interrupt_enable
                0x87800190                rt_hw_interrupt_disable
                0x87800194                rt_hw_context_switch
                0x87800198                rt_hw_context_switch_to
                0x8780019c                rt_hw_context_switch_interrupt
                0x878001a0                rt_hw_stack_init
 *fill*         0x878001a8       0x18 00000000
 .text          0x878001c0       0xe8 build\libcpu\start.o
                0x878001c0                reset
 .text          0x878002a8       0xd0 build\kernel\src\clock.o
                0x878002a8                rt_system_tick_init
                0x878002ac                rt_tick_get
                0x878002bc                rt_tick_set
                0x878002dc                rt_tick_increase
                0x8780032c                rt_tick_from_millisecond
 .text          0x87800378     0x1354 build\kernel\src\ipc.o
                0x87800458                rt_sem_init
                0x87800490                rt_sem_detach
                0x878004b0                rt_sem_create
                0x878004e4                rt_sem_delete
                0x87800504                rt_sem_take
                0x878005b0                rt_sem_trytake
                0x878005b8                rt_sem_release
                0x87800610                rt_sem_control
                0x87800654                rt_mutex_init
                0x8780069c                rt_mutex_detach
                0x878006bc                rt_mutex_create
                0x87800708                rt_mutex_delete
                0x87800728                rt_mutex_take
                0x8780084c                rt_mutex_release
                0x87800934                rt_mutex_control
                0x8780093c                rt_event_init
                0x87800970                rt_event_detach
                0x87800990                rt_event_create
                0x878009c4                rt_event_delete
                0x878009e4                rt_event_send
                0x87800ac4                rt_event_recv
                0x87800bf0                rt_event_control
                0x87800c34                rt_mb_init
                0x87800c8c                rt_mb_detach
                0x87800cb4                rt_mb_create
                0x87800d38                rt_mb_delete
                0x87800d68                rt_mb_send_wait
                0x87800ec4                rt_mb_send
                0x87800ecc                rt_mb_recv
                0x87801034                rt_mb_control
                0x87801088                rt_mq_init
                0x87801130                rt_mq_detach
                0x87801158                rt_mq_create
                0x8780122c                rt_mq_delete
                0x8780125c                rt_mq_send_wait
                0x878013f4                rt_mq_send
                0x878013fc                rt_mq_urgent
                0x878014bc                rt_mq_recv
                0x87801650                rt_mq_control
 .text          0x878016cc       0x74 build\kernel\src\irq.o
                0x878016cc                rt_interrupt_enter
                0x878016f4                rt_interrupt_leave
                0x8780171c                rt_interrupt_get_nest
 .text          0x87801740      0xba8 build\kernel\src\kservice.o
                0x87801964                rt_get_errno
                0x87801998                rt_set_errno
                0x878019d0                _rt_errno
                0x87801a00                memset
                0x87801a00                rt_memset
                0x87801a9c                memcpy
                0x87801a9c                rt_memcpy
                0x87801b6c                rt_memmove
                0x87801b6c                memmove
                0x87801bb8                rt_memcmp
                0x87801bb8                memcmp
                0x87801be8                strcasecmp
                0x87801be8                rt_strcasecmp
                0x87801c38                rt_strncpy
                0x87801c70                rt_strncmp
                0x87801cac                rt_strcmp
                0x87801cdc                rt_strnlen
                0x87801d04                rt_strlen
                0x87801d04                strlen
                0x87801d24                rt_strstr
                0x87801d24                strstr
                0x87801d90                strdup
                0x87801d90                rt_strdup
                0x87801dc4                rt_show_version
                0x87801dc8                rt_vsnprintf
                0x878021d0                rt_snprintf
                0x878021d0                snprintf
                0x878021f8                rt_vsprintf
                0x878021f8                vsprintf
                0x87802208                rt_sprintf
                0x87802208                sprintf
                0x87802230                rt_malloc_align
                0x87802278                rt_free_align
                0x87802280                __rt_ffs
 .text          0x878022e8      0x50c build\kernel\src\mem.o
                0x87802388                rt_system_heap_init
                0x87802418                rt_malloc
                0x878025a4                rt_calloc
                0x878025d0                rt_free
                0x87802660                rt_realloc
                0x878027bc                rt_memory_info
 .text          0x878027f4      0x2d4 build\kernel\src\object.o
                0x878027f4                rt_system_object_init
                0x878027f8                rt_object_get_information
                0x87802834                rt_object_get_length
                0x87802870                rt_object_get_pointers
                0x878028d8                rt_object_init
                0x87802950                rt_object_detach
                0x8780298c                rt_object_allocate
                0x87802a00                rt_object_delete
                0x87802a44                rt_object_is_systemobject
                0x87802a50                rt_object_get_type
                0x87802a5c                rt_object_find
 .text          0x87802ac8      0x348 build\kernel\src\scheduler.o
                0x87802ac8                rt_system_scheduler_init
                0x87802b1c                rt_schedule_insert_thread
                0x87802ba4                rt_schedule_remove_thread
                0x87802c08                rt_system_scheduler_start
                0x87802c54                rt_schedule
                0x87802d84                rt_enter_critical
                0x87802da8                rt_exit_critical
                0x87802e00                rt_critical_level
 .text          0x87802e10      0x6f0 build\kernel\src\thread.o
                0x87802e10                rt_thread_exit
                0x87802e98                rt_thread_timeout
                0x87802ed0                rt_thread_init
                0x87802fa4                rt_thread_self
                0x87802fb4                rt_thread_detach
                0x87803048                rt_thread_create
                0x87803138                rt_thread_delete
                0x878031a4                rt_thread_yield
                0x878031b4                rt_thread_suspend
                0x8780320c                rt_thread_sleep
                0x87803278                rt_thread_delay
                0x8780327c                rt_thread_mdelay
                0x8780328c                rt_thread_delay_until
                0x87803330                rt_thread_resume
                0x87803398                rt_thread_startup
                0x878033dc                rt_thread_control
                0x87803470                rt_thread_find
 .text          0x87803500      0x35c build\kernel\src\timer.o
                0x87803524                rt_timer_init
                0x87803574                rt_timer_detach
                0x878035a4                rt_timer_create
                0x878035f8                rt_timer_delete
                0x87803628                rt_timer_start
                0x878036e0                rt_timer_stop
                0x87803728                rt_timer_control
                0x87803790                rt_timer_check
                0x87803818                rt_timer_next_timeout_tick
                0x87803844                rt_system_timer_init
                0x87803858                rt_system_timer_thread_init
 .text          0x8780385c       0xf8 build\kernel\components\libc\compilers\minilibc\stdlib.o
                0x8780385c                atoi
                0x878038d4                atol
                0x87803944                malloc
                0x87803948                free
                0x8780394c                realloc
                0x87803950                calloc
 *fill*         0x87803954        0x4 00000000
 .text          0x87803958      0x278 d:/rtt/env/env_released_1.1.2.alpha/env/tools/gnu_gcc/arm_gcc/mingw/bin/../lib/gcc/arm-none-eabi/5.4.1/armv7-ar/thumb\libgcc.a(_udivsi3.o)
                0x87803958                __aeabi_uidiv
                0x87803958                __udivsi3
                0x87803bb4                __aeabi_uidivmod
 .text          0x87803bd0      0x2b0 d:/rtt/env/env_released_1.1.2.alpha/env/tools/gnu_gcc/arm_gcc/mingw/bin/../lib/gcc/arm-none-eabi/5.4.1/armv7-ar/thumb\libgcc.a(_divsi3.o)
                0x87803bd0                __divsi3
                0x87803bd0                __aeabi_idiv
                0x87803e64                __aeabi_idivmod
 .text          0x87803e80        0x4 d:/rtt/env/env_released_1.1.2.alpha/env/tools/gnu_gcc/arm_gcc/mingw/bin/../lib/gcc/arm-none-eabi/5.4.1/armv7-ar/thumb\libgcc.a(_dvmd_tls.o)
                0x87803e80                __aeabi_idiv0
                0x87803e80                __aeabi_ldiv0
 *(.text.*)
 .text.startup  0x87803e84       0x28 build\applications\main.o
                0x87803e84                main
 .text.startup.register_fini
                0x87803eac       0x18 d:/rtt/env/env_released_1.1.2.alpha/env/tools/gnu_gcc/arm_gcc/mingw/bin/../lib/gcc/arm-none-eabi/5.4.1/../../../../arm-none-eabi/lib/armv7-ar/thumb\libc.a(lib_a-__call_atexit.o)
 .text.atexit   0x87803ec4        0xc d:/rtt/env/env_released_1.1.2.alpha/env/tools/gnu_gcc/arm_gcc/mingw/bin/../lib/gcc/arm-none-eabi/5.4.1/../../../../arm-none-eabi/lib/armv7-ar/thumb\libc.a(lib_a-atexit.o)
                0x87803ec4                atexit
 .text.__libc_fini_array
                0x87803ed0       0x34 d:/rtt/env/env_released_1.1.2.alpha/env/tools/gnu_gcc/arm_gcc/mingw/bin/../lib/gcc/arm-none-eabi/5.4.1/../../../../arm-none-eabi/lib/armv7-ar/thumb\libc.a(lib_a-fini.o)
                0x87803ed0                __libc_fini_array
 .text.__register_exitproc
                0x87803f04       0xac d:/rtt/env/env_released_1.1.2.alpha/env/tools/gnu_gcc/arm_gcc/mingw/bin/../lib/gcc/arm-none-eabi/5.4.1/../../../../arm-none-eabi/lib/armv7-ar/thumb\libc.a(lib_a-__atexit.o)
                0x87803f04                __register_exitproc
 *(.fini)
 .fini          0x87803fb0        0x4 d:/rtt/env/env_released_1.1.2.alpha/env/tools/gnu_gcc/arm_gcc/mingw/bin/../lib/gcc/arm-none-eabi/5.4.1/armv7-ar/thumb/crti.o
                0x87803fb0                _fini
 .fini          0x87803fb4        0x8 d:/rtt/env/env_released_1.1.2.alpha/env/tools/gnu_gcc/arm_gcc/mingw/bin/../lib/gcc/arm-none-eabi/5.4.1/armv7-ar/thumb/crtn.o
                0x87803fbc                . = ALIGN (0x4)
                0x87803fbc                __fsymtab_start = .
 *(FSymTab)
                0x87803fbc                __fsymtab_end = .
                0x87803fbc                . = ALIGN (0x4)
                0x87803fbc                __vsymtab_start = .
 *(VSymTab)
                0x87803fbc                __vsymtab_end = .
                0x87803fbc                . = ALIGN (0x4)
                0x87803fbc                . = ALIGN (0x4)
                0x87803fbc                __rtmsymtab_start = .
 *(RTMSymTab)
                0x87803fbc                __rtmsymtab_end = .
                0x87803fbc                . = ALIGN (0x4)
                0x87803fbc                __rt_init_start = .
 *(SORT(.rti_fn*))
                0x87803fbc                __rt_init_end = .
                0x87803fbc                __text_end = .
                0x87803fbc                __rodata_start = .

.glue_7         0x87803fbc        0x0
 .glue_7        0x87803fbc        0x0 linker stubs

.glue_7t        0x87803fbc        0x0
 .glue_7t       0x87803fbc        0x0 linker stubs

.vfp11_veneer   0x87803fbc        0x0
 .vfp11_veneer  0x87803fbc        0x0 linker stubs

.v4_bx          0x87803fbc        0x0
 .v4_bx         0x87803fbc        0x0 linker stubs

.init           0x87803fbc        0x4
 .init          0x87803fbc        0x4 d:/rtt/env/env_released_1.1.2.alpha/env/tools/gnu_gcc/arm_gcc/mingw/bin/../lib/gcc/arm-none-eabi/5.4.1/armv7-ar/thumb/crti.o
                0x87803fbc                _init

.iplt           0x87803fc0        0x0
 .iplt          0x87803fc0        0x0 d:/rtt/env/env_released_1.1.2.alpha/env/tools/gnu_gcc/arm_gcc/mingw/bin/../lib/gcc/arm-none-eabi/5.4.1/armv7-ar/thumb/crtbegin.o

.rodata         0x87803fc0      0x138
 *(.rodata)
 .rodata        0x87803fc0      0x128 build\kernel\src\kservice.o
                0x87803fe8                __lowest_bit_bitmap
 *(.rodata.*)
 .rodata.str1.1
                0x878040e8        0x7 build\kernel\src\kservice.o
 .rodata.str1.1
                0x878040ef        0x5 build\kernel\src\mem.o
 .rodata._global_impure_ptr
                0x878040f4        0x4 d:/rtt/env/env_released_1.1.2.alpha/env/tools/gnu_gcc/arm_gcc/mingw/bin/../lib/gcc/arm-none-eabi/5.4.1/../../../../arm-none-eabi/lib/armv7-ar/thumb\libc.a(lib_a-impure.o)
                0x878040f4                _global_impure_ptr
 *(.eh_frame)
 .eh_frame      0x878040f8        0x0 d:/rtt/env/env_released_1.1.2.alpha/env/tools/gnu_gcc/arm_gcc/mingw/bin/../lib/gcc/arm-none-eabi/5.4.1/armv7-ar/thumb/crtbegin.o
                0x878040f8                __rodata_end = .

.rel.dyn        0x878040f8        0x0
 .rel.iplt      0x878040f8        0x0 d:/rtt/env/env_released_1.1.2.alpha/env/tools/gnu_gcc/arm_gcc/mingw/bin/../lib/gcc/arm-none-eabi/5.4.1/armv7-ar/thumb/crtbegin.o
                0x878040f8                . = ALIGN (0x4)

.ctors          0x878040f8        0x0
                [!provide]                PROVIDE (__ctors_start__, .)
 *crtbegin.o(.ctors)
 *crtbegin?.o(.ctors)
 *(EXCLUDE_FILE(*crtend.o *crtend?.o) .ctors)
 *(SORT(.ctors.*))
 *(.ctors)
                [!provide]                PROVIDE (__ctors_end__, .)

.ARM.extab
 *(.ARM.extab* .gnu.linkonce.armextab.*)
                0x878040f8                __exidx_start = .

ARM.exidx       0x878040f8        0x0
 *(.ARM.exidx* .gnu.linkonce.armexidx.*)
                0x878040f8                _sidata = .
                0x878040f8                __exidx_end = .

.dtors          0x878040f8        0x0
                [!provide]                PROVIDE (__dtors_start__, .)
 *crtbegin.o(.dtors)
 *crtbegin?.o(.dtors)
 *(EXCLUDE_FILE(*crtend.o *crtend?.o) .dtors)
 *(SORT(.dtors.*))
 *(.dtors)
                [!provide]                PROVIDE (__dtors_end__, .)
                0x878040f8                . = ALIGN (0x8)
                0x878040f8                __data_start = .

.data           0x878040f8      0x4a8
 *(.data)
 .data          0x878040f8       0x70 build\kernel\src\object.o
 *(.data.*)
 .data.impure_data
                0x87804168      0x428 d:/rtt/env/env_released_1.1.2.alpha/env/tools/gnu_gcc/arm_gcc/mingw/bin/../lib/gcc/arm-none-eabi/5.4.1/../../../../arm-none-eabi/lib/armv7-ar/thumb\libc.a(lib_a-impure.o)
                0x87804590                . = ALIGN (0x4)
                0x87804590                PROVIDE (__preinit_array_start, .)
 *(.preinit_array)
                0x87804590                PROVIDE (__preinit_array_end, .)
                0x87804590                . = ALIGN (0x4)
                0x87804590                PROVIDE (__init_array_start, .)
 *(SORT(.init_array.*))
 .init_array.00000
                0x87804590        0x4 d:/rtt/env/env_released_1.1.2.alpha/env/tools/gnu_gcc/arm_gcc/mingw/bin/../lib/gcc/arm-none-eabi/5.4.1/../../../../arm-none-eabi/lib/armv7-ar/thumb\libc.a(lib_a-__call_atexit.o)
 *(.init_array)
 .init_array    0x87804594        0x4 d:/rtt/env/env_released_1.1.2.alpha/env/tools/gnu_gcc/arm_gcc/mingw/bin/../lib/gcc/arm-none-eabi/5.4.1/armv7-ar/thumb/crtbegin.o
                0x87804598                PROVIDE (__init_array_end, .)
                0x87804598                . = ALIGN (0x4)
                0x87804598                PROVIDE (__fini_array_start, .)
 *(SORT(.fini_array.*))
 *(.fini_array)
 .fini_array    0x87804598        0x4 d:/rtt/env/env_released_1.1.2.alpha/env/tools/gnu_gcc/arm_gcc/mingw/bin/../lib/gcc/arm-none-eabi/5.4.1/armv7-ar/thumb/crtbegin.o
                0x8780459c                PROVIDE (__fini_array_end, .)
 *(.jcr*)
 .jcr           0x8780459c        0x0 d:/rtt/env/env_released_1.1.2.alpha/env/tools/gnu_gcc/arm_gcc/mingw/bin/../lib/gcc/arm-none-eabi/5.4.1/armv7-ar/thumb/crtbegin.o
 .jcr           0x8780459c        0x4 d:/rtt/env/env_released_1.1.2.alpha/env/tools/gnu_gcc/arm_gcc/mingw/bin/../lib/gcc/arm-none-eabi/5.4.1/armv7-ar/thumb/crtend.o
                0x878045a0                . = ALIGN (0x4)
 *(.gnu.linkonce.d*)
                0x878045a0                __data_end = .

.igot.plt       0x878045a0        0x0
 .igot.plt      0x878045a0        0x0 d:/rtt/env/env_released_1.1.2.alpha/env/tools/gnu_gcc/arm_gcc/mingw/bin/../lib/gcc/arm-none-eabi/5.4.1/armv7-ar/thumb/crtbegin.o
                0x878045a0                . = ALIGN (0x8)
                0x878045a0                __bss_start = .

.bss            0x878045a0      0x184
 *(.bss)
 .bss           0x878045a0       0x1c d:/rtt/env/env_released_1.1.2.alpha/env/tools/gnu_gcc/arm_gcc/mingw/bin/../lib/gcc/arm-none-eabi/5.4.1/armv7-ar/thumb/crtbegin.o
 .bss           0x878045bc        0x4 build\kernel\src\clock.o
 .bss           0x878045c0        0x1 build\kernel\src\irq.o
                0x878045c0                rt_interrupt_nest
 *fill*         0x878045c1        0x3 
 .bss           0x878045c4        0x4 build\kernel\src\kservice.o
 .bss           0x878045c8       0x38 build\kernel\src\mem.o
 .bss           0x87804600        0x2 build\kernel\src\scheduler.o
 *fill*         0x87804602        0x2 
 .bss           0x87804604        0xc build\kernel\src\timer.o
 *(.bss.*)
 *(COMMON)
 COMMON         0x87804610      0x114 build\kernel\src\scheduler.o
                0x87804610                rt_thread_priority_table
                0x87804710                rt_current_priority
                0x87804714                rt_current_thread
                0x87804718                rt_thread_ready_priority_group
                0x8780471c                rt_thread_defunct
                0x87804724                . = ALIGN (0x4)
                0x87804724                . = ALIGN (0x4)
                0x87804724                __bss_end = .

.stab
 *(.stab)

.stabstr
 *(.stabstr)

.stab.excl
 *(.stab.excl)

.stab.exclstr
 *(.stab.exclstr)

.stab.index
 *(.stab.index)

.stab.indexstr
 *(.stab.indexstr)

.comment        0x00000000       0x6e
 *(.comment)
 .comment       0x00000000       0x6e build\applications\main.o
                                 0x6f (size before relaxing)
 .comment       0x0000006e       0x6f build\libcpu\context.o
 .comment       0x0000006e       0x6f build\kernel\src\clock.o
 .comment       0x0000006e       0x6f build\kernel\src\ipc.o
 .comment       0x0000006e       0x6f build\kernel\src\irq.o
 .comment       0x0000006e       0x6f build\kernel\src\kservice.o
 .comment       0x0000006e       0x6f build\kernel\src\mem.o
 .comment       0x0000006e       0x6f build\kernel\src\object.o
 .comment       0x0000006e       0x6f build\kernel\src\scheduler.o
 .comment       0x0000006e       0x6f build\kernel\src\thread.o
 .comment       0x0000006e       0x6f build\kernel\src\timer.o
 .comment       0x0000006e       0x6f build\kernel\components\libc\compilers\minilibc\stdlib.o

.ARM.attributes
                0x00000000       0x29
 .ARM.attributes
                0x00000000       0x19 d:/rtt/env/env_released_1.1.2.alpha/env/tools/gnu_gcc/arm_gcc/mingw/bin/../lib/gcc/arm-none-eabi/5.4.1/armv7-ar/thumb/crti.o
 .ARM.attributes
                0x00000019       0x29 d:/rtt/env/env_released_1.1.2.alpha/env/tools/gnu_gcc/arm_gcc/mingw/bin/../lib/gcc/arm-none-eabi/5.4.1/armv7-ar/thumb/crtbegin.o
 .ARM.attributes
                0x00000042       0x2b build\applications\main.o
 .ARM.attributes
                0x0000006d       0x2b build\libcpu\context.o
 .ARM.attributes
                0x00000098       0x1d build\libcpu\start.o
 .ARM.attributes
                0x000000b5       0x2b build\kernel\src\clock.o
 .ARM.attributes
                0x000000e0       0x2b build\kernel\src\ipc.o
 .ARM.attributes
                0x0000010b       0x2b build\kernel\src\irq.o
 .ARM.attributes
                0x00000136       0x2b build\kernel\src\kservice.o
 .ARM.attributes
                0x00000161       0x2b build\kernel\src\mem.o
 .ARM.attributes
                0x0000018c       0x2b build\kernel\src\object.o
 .ARM.attributes
                0x000001b7       0x2b build\kernel\src\scheduler.o
 .ARM.attributes
                0x000001e2       0x2b build\kernel\src\thread.o
 .ARM.attributes
                0x0000020d       0x2b build\kernel\src\timer.o
 .ARM.attributes
                0x00000238       0x2b build\kernel\components\libc\compilers\minilibc\stdlib.o
 .ARM.attributes
                0x00000263       0x19 d:/rtt/env/env_released_1.1.2.alpha/env/tools/gnu_gcc/arm_gcc/mingw/bin/../lib/gcc/arm-none-eabi/5.4.1/armv7-ar/thumb\libgcc.a(_udivsi3.o)
 .ARM.attributes
                0x0000027c       0x19 d:/rtt/env/env_released_1.1.2.alpha/env/tools/gnu_gcc/arm_gcc/mingw/bin/../lib/gcc/arm-none-eabi/5.4.1/armv7-ar/thumb\libgcc.a(_divsi3.o)
 .ARM.attributes
                0x00000295       0x19 d:/rtt/env/env_released_1.1.2.alpha/env/tools/gnu_gcc/arm_gcc/mingw/bin/../lib/gcc/arm-none-eabi/5.4.1/armv7-ar/thumb\libgcc.a(_dvmd_tls.o)
 .ARM.attributes
                0x000002ae       0x29 d:/rtt/env/env_released_1.1.2.alpha/env/tools/gnu_gcc/arm_gcc/mingw/bin/../lib/gcc/arm-none-eabi/5.4.1/../../../../arm-none-eabi/lib/armv7-ar/thumb\libc.a(lib_a-impure.o)
 .ARM.attributes
                0x000002d7       0x29 d:/rtt/env/env_released_1.1.2.alpha/env/tools/gnu_gcc/arm_gcc/mingw/bin/../lib/gcc/arm-none-eabi/5.4.1/../../../../arm-none-eabi/lib/armv7-ar/thumb\libc.a(lib_a-__call_atexit.o)
 .ARM.attributes
                0x00000300       0x29 d:/rtt/env/env_released_1.1.2.alpha/env/tools/gnu_gcc/arm_gcc/mingw/bin/../lib/gcc/arm-none-eabi/5.4.1/../../../../arm-none-eabi/lib/armv7-ar/thumb\libc.a(lib_a-atexit.o)
 .ARM.attributes
                0x00000329       0x29 d:/rtt/env/env_released_1.1.2.alpha/env/tools/gnu_gcc/arm_gcc/mingw/bin/../lib/gcc/arm-none-eabi/5.4.1/../../../../arm-none-eabi/lib/armv7-ar/thumb\libc.a(lib_a-fini.o)
 .ARM.attributes
                0x00000352       0x29 d:/rtt/env/env_released_1.1.2.alpha/env/tools/gnu_gcc/arm_gcc/mingw/bin/../lib/gcc/arm-none-eabi/5.4.1/../../../../arm-none-eabi/lib/armv7-ar/thumb\libc.a(lib_a-__atexit.o)
 .ARM.attributes
                0x0000037b       0x29 d:/rtt/env/env_released_1.1.2.alpha/env/tools/gnu_gcc/arm_gcc/mingw/bin/../lib/gcc/arm-none-eabi/5.4.1/armv7-ar/thumb/crtend.o
 .ARM.attributes
                0x000003a4       0x19 d:/rtt/env/env_released_1.1.2.alpha/env/tools/gnu_gcc/arm_gcc/mingw/bin/../lib/gcc/arm-none-eabi/5.4.1/armv7-ar/thumb/crtn.o

.debug_abbrev
 *(.debug_abbrev)

.debug_info
 *(.debug_info)

.debug_line
 *(.debug_line)

.debug_pubnames
 *(.debug_pubnames)

.debug_aranges
 *(.debug_aranges)
                0x000003bd                _end = .
OUTPUT(rtthread.elf elf32-littlearm)

.debug_frame    0x00000000      0x118
 .debug_frame   0x00000000       0x20 d:/rtt/env/env_released_1.1.2.alpha/env/tools/gnu_gcc/arm_gcc/mingw/bin/../lib/gcc/arm-none-eabi/5.4.1/armv7-ar/thumb\libgcc.a(_udivsi3.o)
 .debug_frame   0x00000020       0x20 d:/rtt/env/env_released_1.1.2.alpha/env/tools/gnu_gcc/arm_gcc/mingw/bin/../lib/gcc/arm-none-eabi/5.4.1/armv7-ar/thumb\libgcc.a(_divsi3.o)
 .debug_frame   0x00000040       0x50 d:/rtt/env/env_released_1.1.2.alpha/env/tools/gnu_gcc/arm_gcc/mingw/bin/../lib/gcc/arm-none-eabi/5.4.1/../../../../arm-none-eabi/lib/armv7-ar/thumb\libc.a(lib_a-__call_atexit.o)
 .debug_frame   0x00000090       0x20 d:/rtt/env/env_released_1.1.2.alpha/env/tools/gnu_gcc/arm_gcc/mingw/bin/../lib/gcc/arm-none-eabi/5.4.1/../../../../arm-none-eabi/lib/armv7-ar/thumb\libc.a(lib_a-atexit.o)
 .debug_frame   0x000000b0       0x34 d:/rtt/env/env_released_1.1.2.alpha/env/tools/gnu_gcc/arm_gcc/mingw/bin/../lib/gcc/arm-none-eabi/5.4.1/../../../../arm-none-eabi/lib/armv7-ar/thumb\libc.a(lib_a-fini.o)
 .debug_frame   0x000000e4       0x34 d:/rtt/env/env_released_1.1.2.alpha/env/tools/gnu_gcc/arm_gcc/mingw/bin/../lib/gcc/arm-none-eabi/5.4.1/../../../../arm-none-eabi/lib/armv7-ar/thumb\libc.a(lib_a-__atexit.o)

Cross Reference Table

Symbol                                            File
_Jv_RegisterClasses                               d:/rtt/env/env_released_1.1.2.alpha/env/tools/gnu_gcc/arm_gcc/mingw/bin/../lib/gcc/arm-none-eabi/5.4.1/armv7-ar/thumb/crtbegin.o
__adddf3                                          d:/rtt/env/env_released_1.1.2.alpha/env/tools/gnu_gcc/arm_gcc/mingw/bin/../lib/gcc/arm-none-eabi/5.4.1/armv7-ar/thumb\libgcc.a(_arm_addsubdf3.o)
__aeabi_d2iz                                      d:/rtt/env/env_released_1.1.2.alpha/env/tools/gnu_gcc/arm_gcc/mingw/bin/../lib/gcc/arm-none-eabi/5.4.1/armv7-ar/thumb\libgcc.a(_arm_fixdfsi.o)
                                                  build\kernel\components\libc\compilers\minilibc\math.o
__aeabi_dadd                                      d:/rtt/env/env_released_1.1.2.alpha/env/tools/gnu_gcc/arm_gcc/mingw/bin/../lib/gcc/arm-none-eabi/5.4.1/armv7-ar/thumb\libgcc.a(_arm_addsubdf3.o)
                                                  build\kernel\components\libc\compilers\minilibc\math.o
__aeabi_ddiv                                      d:/rtt/env/env_released_1.1.2.alpha/env/tools/gnu_gcc/arm_gcc/mingw/bin/../lib/gcc/arm-none-eabi/5.4.1/armv7-ar/thumb\libgcc.a(_arm_muldivdf3.o)
__aeabi_dmul                                      d:/rtt/env/env_released_1.1.2.alpha/env/tools/gnu_gcc/arm_gcc/mingw/bin/../lib/gcc/arm-none-eabi/5.4.1/armv7-ar/thumb\libgcc.a(_arm_muldivdf3.o)
                                                  build\kernel\components\libc\compilers\minilibc\math.o
__aeabi_drsub                                     d:/rtt/env/env_released_1.1.2.alpha/env/tools/gnu_gcc/arm_gcc/mingw/bin/../lib/gcc/arm-none-eabi/5.4.1/armv7-ar/thumb\libgcc.a(_arm_addsubdf3.o)
__aeabi_dsub                                      d:/rtt/env/env_released_1.1.2.alpha/env/tools/gnu_gcc/arm_gcc/mingw/bin/../lib/gcc/arm-none-eabi/5.4.1/armv7-ar/thumb\libgcc.a(_arm_addsubdf3.o)
                                                  build\kernel\components\libc\compilers\minilibc\math.o
__aeabi_f2d                                       d:/rtt/env/env_released_1.1.2.alpha/env/tools/gnu_gcc/arm_gcc/mingw/bin/../lib/gcc/arm-none-eabi/5.4.1/armv7-ar/thumb\libgcc.a(_arm_addsubdf3.o)
__aeabi_i2d                                       d:/rtt/env/env_released_1.1.2.alpha/env/tools/gnu_gcc/arm_gcc/mingw/bin/../lib/gcc/arm-none-eabi/5.4.1/armv7-ar/thumb\libgcc.a(_arm_addsubdf3.o)
                                                  build\kernel\components\libc\compilers\minilibc\math.o
__aeabi_idiv                                      d:/rtt/env/env_released_1.1.2.alpha/env/tools/gnu_gcc/arm_gcc/mingw/bin/../lib/gcc/arm-none-eabi/5.4.1/armv7-ar/thumb\libgcc.a(_divsi3.o)
                                                  build\kernel\components\libc\compilers\minilibc\time.o
                                                  build\kernel\components\libc\compilers\minilibc\rand.o
                                                  build\kernel\src\clock.o
__aeabi_idiv0                                     d:/rtt/env/env_released_1.1.2.alpha/env/tools/gnu_gcc/arm_gcc/mingw/bin/../lib/gcc/arm-none-eabi/5.4.1/armv7-ar/thumb\libgcc.a(_dvmd_tls.o)
                                                  d:/rtt/env/env_released_1.1.2.alpha/env/tools/gnu_gcc/arm_gcc/mingw/bin/../lib/gcc/arm-none-eabi/5.4.1/armv7-ar/thumb\libgcc.a(_divsi3.o)
                                                  d:/rtt/env/env_released_1.1.2.alpha/env/tools/gnu_gcc/arm_gcc/mingw/bin/../lib/gcc/arm-none-eabi/5.4.1/armv7-ar/thumb\libgcc.a(_udivsi3.o)
__aeabi_idivmod                                   d:/rtt/env/env_released_1.1.2.alpha/env/tools/gnu_gcc/arm_gcc/mingw/bin/../lib/gcc/arm-none-eabi/5.4.1/armv7-ar/thumb\libgcc.a(_divsi3.o)
                                                  build\kernel\components\libc\compilers\minilibc\time.o
                                                  build\kernel\components\libc\compilers\minilibc\rand.o
                                                  build\kernel\src\clock.o
__aeabi_l2d                                       d:/rtt/env/env_released_1.1.2.alpha/env/tools/gnu_gcc/arm_gcc/mingw/bin/../lib/gcc/arm-none-eabi/5.4.1/armv7-ar/thumb\libgcc.a(_arm_addsubdf3.o)
__aeabi_ldiv0                                     d:/rtt/env/env_released_1.1.2.alpha/env/tools/gnu_gcc/arm_gcc/mingw/bin/../lib/gcc/arm-none-eabi/5.4.1/armv7-ar/thumb\libgcc.a(_dvmd_tls.o)
__aeabi_ui2d                                      d:/rtt/env/env_released_1.1.2.alpha/env/tools/gnu_gcc/arm_gcc/mingw/bin/../lib/gcc/arm-none-eabi/5.4.1/armv7-ar/thumb\libgcc.a(_arm_addsubdf3.o)
__aeabi_uidiv                                     d:/rtt/env/env_released_1.1.2.alpha/env/tools/gnu_gcc/arm_gcc/mingw/bin/../lib/gcc/arm-none-eabi/5.4.1/armv7-ar/thumb\libgcc.a(_udivsi3.o)
                                                  build\kernel\src\ipc.o
__aeabi_uidivmod                                  d:/rtt/env/env_released_1.1.2.alpha/env/tools/gnu_gcc/arm_gcc/mingw/bin/../lib/gcc/arm-none-eabi/5.4.1/armv7-ar/thumb\libgcc.a(_udivsi3.o)
                                                  build\kernel\src\kservice.o
__aeabi_ul2d                                      d:/rtt/env/env_released_1.1.2.alpha/env/tools/gnu_gcc/arm_gcc/mingw/bin/../lib/gcc/arm-none-eabi/5.4.1/armv7-ar/thumb\libgcc.a(_arm_addsubdf3.o)
__bss_end__                                       d:/rtt/env/env_released_1.1.2.alpha/env/tools/gnu_gcc/arm_gcc/mingw/bin/../lib/gcc/arm-none-eabi/5.4.1/../../../../arm-none-eabi/lib/armv7-ar/thumb/crt0.o
__bss_start__                                     d:/rtt/env/env_released_1.1.2.alpha/env/tools/gnu_gcc/arm_gcc/mingw/bin/../lib/gcc/arm-none-eabi/5.4.1/../../../../arm-none-eabi/lib/armv7-ar/thumb/crt0.o
__call_exitprocs                                  d:/rtt/env/env_released_1.1.2.alpha/env/tools/gnu_gcc/arm_gcc/mingw/bin/../lib/gcc/arm-none-eabi/5.4.1/../../../../arm-none-eabi/lib/armv7-ar/thumb\libc.a(lib_a-__call_atexit.o)
                                                  d:/rtt/env/env_released_1.1.2.alpha/env/tools/gnu_gcc/arm_gcc/mingw/bin/../lib/gcc/arm-none-eabi/5.4.1/../../../../arm-none-eabi/lib/armv7-ar/thumb\libc.a(lib_a-exit.o)
__deregister_frame_info                           d:/rtt/env/env_released_1.1.2.alpha/env/tools/gnu_gcc/arm_gcc/mingw/bin/../lib/gcc/arm-none-eabi/5.4.1/armv7-ar/thumb/crtbegin.o
__divdf3                                          d:/rtt/env/env_released_1.1.2.alpha/env/tools/gnu_gcc/arm_gcc/mingw/bin/../lib/gcc/arm-none-eabi/5.4.1/armv7-ar/thumb\libgcc.a(_arm_muldivdf3.o)
__divsi3                                          d:/rtt/env/env_released_1.1.2.alpha/env/tools/gnu_gcc/arm_gcc/mingw/bin/../lib/gcc/arm-none-eabi/5.4.1/armv7-ar/thumb\libgcc.a(_divsi3.o)
__dso_handle                                      d:/rtt/env/env_released_1.1.2.alpha/env/tools/gnu_gcc/arm_gcc/mingw/bin/../lib/gcc/arm-none-eabi/5.4.1/armv7-ar/thumb/crtbegin.o
__extendsfdf2                                     d:/rtt/env/env_released_1.1.2.alpha/env/tools/gnu_gcc/arm_gcc/mingw/bin/../lib/gcc/arm-none-eabi/5.4.1/armv7-ar/thumb\libgcc.a(_arm_addsubdf3.o)
__fini_array_end                                  d:/rtt/env/env_released_1.1.2.alpha/env/tools/gnu_gcc/arm_gcc/mingw/bin/../lib/gcc/arm-none-eabi/5.4.1/../../../../arm-none-eabi/lib/armv7-ar/thumb\libc.a(lib_a-fini.o)
__fini_array_start                                d:/rtt/env/env_released_1.1.2.alpha/env/tools/gnu_gcc/arm_gcc/mingw/bin/../lib/gcc/arm-none-eabi/5.4.1/../../../../arm-none-eabi/lib/armv7-ar/thumb\libc.a(lib_a-fini.o)
__fixdfsi                                         d:/rtt/env/env_released_1.1.2.alpha/env/tools/gnu_gcc/arm_gcc/mingw/bin/../lib/gcc/arm-none-eabi/5.4.1/armv7-ar/thumb\libgcc.a(_arm_fixdfsi.o)
__floatdidf                                       d:/rtt/env/env_released_1.1.2.alpha/env/tools/gnu_gcc/arm_gcc/mingw/bin/../lib/gcc/arm-none-eabi/5.4.1/armv7-ar/thumb\libgcc.a(_arm_addsubdf3.o)
__floatsidf                                       d:/rtt/env/env_released_1.1.2.alpha/env/tools/gnu_gcc/arm_gcc/mingw/bin/../lib/gcc/arm-none-eabi/5.4.1/armv7-ar/thumb\libgcc.a(_arm_addsubdf3.o)
__floatundidf                                     d:/rtt/env/env_released_1.1.2.alpha/env/tools/gnu_gcc/arm_gcc/mingw/bin/../lib/gcc/arm-none-eabi/5.4.1/armv7-ar/thumb\libgcc.a(_arm_addsubdf3.o)
__floatunsidf                                     d:/rtt/env/env_released_1.1.2.alpha/env/tools/gnu_gcc/arm_gcc/mingw/bin/../lib/gcc/arm-none-eabi/5.4.1/armv7-ar/thumb\libgcc.a(_arm_addsubdf3.o)
__init_array_end                                  d:/rtt/env/env_released_1.1.2.alpha/env/tools/gnu_gcc/arm_gcc/mingw/bin/../lib/gcc/arm-none-eabi/5.4.1/../../../../arm-none-eabi/lib/armv7-ar/thumb\libc.a(lib_a-init.o)
__init_array_start                                d:/rtt/env/env_released_1.1.2.alpha/env/tools/gnu_gcc/arm_gcc/mingw/bin/../lib/gcc/arm-none-eabi/5.4.1/../../../../arm-none-eabi/lib/armv7-ar/thumb\libc.a(lib_a-init.o)
__isleap                                          build\kernel\components\libc\compilers\minilibc\time.o
__libc_fini                                       d:/rtt/env/env_released_1.1.2.alpha/env/tools/gnu_gcc/arm_gcc/mingw/bin/../lib/gcc/arm-none-eabi/5.4.1/../../../../arm-none-eabi/lib/armv7-ar/thumb\libc.a(lib_a-__call_atexit.o)
__libc_fini_array                                 d:/rtt/env/env_released_1.1.2.alpha/env/tools/gnu_gcc/arm_gcc/mingw/bin/../lib/gcc/arm-none-eabi/5.4.1/../../../../arm-none-eabi/lib/armv7-ar/thumb\libc.a(lib_a-fini.o)
                                                  d:/rtt/env/env_released_1.1.2.alpha/env/tools/gnu_gcc/arm_gcc/mingw/bin/../lib/gcc/arm-none-eabi/5.4.1/../../../../arm-none-eabi/lib/armv7-ar/thumb\libc.a(lib_a-__call_atexit.o)
                                                  d:/rtt/env/env_released_1.1.2.alpha/env/tools/gnu_gcc/arm_gcc/mingw/bin/../lib/gcc/arm-none-eabi/5.4.1/../../../../arm-none-eabi/lib/armv7-ar/thumb/crt0.o
__libc_init_array                                 d:/rtt/env/env_released_1.1.2.alpha/env/tools/gnu_gcc/arm_gcc/mingw/bin/../lib/gcc/arm-none-eabi/5.4.1/../../../../arm-none-eabi/lib/armv7-ar/thumb\libc.a(lib_a-init.o)
                                                  d:/rtt/env/env_released_1.1.2.alpha/env/tools/gnu_gcc/arm_gcc/mingw/bin/../lib/gcc/arm-none-eabi/5.4.1/../../../../arm-none-eabi/lib/armv7-ar/thumb/crt0.o
__lowest_bit_bitmap                               build\kernel\src\kservice.o
__malloc_av_                                      d:/rtt/env/env_released_1.1.2.alpha/env/tools/gnu_gcc/arm_gcc/mingw/bin/../lib/gcc/arm-none-eabi/5.4.1/../../../../arm-none-eabi/lib/armv7-ar/thumb\libc.a(lib_a-mallocr.o)
                                                  d:/rtt/env/env_released_1.1.2.alpha/env/tools/gnu_gcc/arm_gcc/mingw/bin/../lib/gcc/arm-none-eabi/5.4.1/../../../../arm-none-eabi/lib/armv7-ar/thumb\libc.a(lib_a-freer.o)
__malloc_current_mallinfo                         d:/rtt/env/env_released_1.1.2.alpha/env/tools/gnu_gcc/arm_gcc/mingw/bin/../lib/gcc/arm-none-eabi/5.4.1/../../../../arm-none-eabi/lib/armv7-ar/thumb\libc.a(lib_a-mallocr.o)
                                                  d:/rtt/env/env_released_1.1.2.alpha/env/tools/gnu_gcc/arm_gcc/mingw/bin/../lib/gcc/arm-none-eabi/5.4.1/../../../../arm-none-eabi/lib/armv7-ar/thumb\libc.a(lib_a-freer.o)
__malloc_lock                                     d:/rtt/env/env_released_1.1.2.alpha/env/tools/gnu_gcc/arm_gcc/mingw/bin/../lib/gcc/arm-none-eabi/5.4.1/../../../../arm-none-eabi/lib/armv7-ar/thumb\libc.a(lib_a-mlock.o)
                                                  d:/rtt/env/env_released_1.1.2.alpha/env/tools/gnu_gcc/arm_gcc/mingw/bin/../lib/gcc/arm-none-eabi/5.4.1/../../../../arm-none-eabi/lib/armv7-ar/thumb\libc.a(lib_a-mallocr.o)
                                                  d:/rtt/env/env_released_1.1.2.alpha/env/tools/gnu_gcc/arm_gcc/mingw/bin/../lib/gcc/arm-none-eabi/5.4.1/../../../../arm-none-eabi/lib/armv7-ar/thumb\libc.a(lib_a-freer.o)
__malloc_max_sbrked_mem                           d:/rtt/env/env_released_1.1.2.alpha/env/tools/gnu_gcc/arm_gcc/mingw/bin/../lib/gcc/arm-none-eabi/5.4.1/../../../../arm-none-eabi/lib/armv7-ar/thumb\libc.a(lib_a-mallocr.o)
__malloc_max_total_mem                            d:/rtt/env/env_released_1.1.2.alpha/env/tools/gnu_gcc/arm_gcc/mingw/bin/../lib/gcc/arm-none-eabi/5.4.1/../../../../arm-none-eabi/lib/armv7-ar/thumb\libc.a(lib_a-mallocr.o)
__malloc_sbrk_base                                d:/rtt/env/env_released_1.1.2.alpha/env/tools/gnu_gcc/arm_gcc/mingw/bin/../lib/gcc/arm-none-eabi/5.4.1/../../../../arm-none-eabi/lib/armv7-ar/thumb\libc.a(lib_a-mallocr.o)
                                                  d:/rtt/env/env_released_1.1.2.alpha/env/tools/gnu_gcc/arm_gcc/mingw/bin/../lib/gcc/arm-none-eabi/5.4.1/../../../../arm-none-eabi/lib/armv7-ar/thumb\libc.a(lib_a-freer.o)
__malloc_top_pad                                  d:/rtt/env/env_released_1.1.2.alpha/env/tools/gnu_gcc/arm_gcc/mingw/bin/../lib/gcc/arm-none-eabi/5.4.1/../../../../arm-none-eabi/lib/armv7-ar/thumb\libc.a(lib_a-mallocr.o)
                                                  d:/rtt/env/env_released_1.1.2.alpha/env/tools/gnu_gcc/arm_gcc/mingw/bin/../lib/gcc/arm-none-eabi/5.4.1/../../../../arm-none-eabi/lib/armv7-ar/thumb\libc.a(lib_a-freer.o)
__malloc_trim_threshold                           d:/rtt/env/env_released_1.1.2.alpha/env/tools/gnu_gcc/arm_gcc/mingw/bin/../lib/gcc/arm-none-eabi/5.4.1/../../../../arm-none-eabi/lib/armv7-ar/thumb\libc.a(lib_a-mallocr.o)
                                                  d:/rtt/env/env_released_1.1.2.alpha/env/tools/gnu_gcc/arm_gcc/mingw/bin/../lib/gcc/arm-none-eabi/5.4.1/../../../../arm-none-eabi/lib/armv7-ar/thumb\libc.a(lib_a-freer.o)
__malloc_unlock                                   d:/rtt/env/env_released_1.1.2.alpha/env/tools/gnu_gcc/arm_gcc/mingw/bin/../lib/gcc/arm-none-eabi/5.4.1/../../../../arm-none-eabi/lib/armv7-ar/thumb\libc.a(lib_a-mlock.o)
                                                  d:/rtt/env/env_released_1.1.2.alpha/env/tools/gnu_gcc/arm_gcc/mingw/bin/../lib/gcc/arm-none-eabi/5.4.1/../../../../arm-none-eabi/lib/armv7-ar/thumb\libc.a(lib_a-mallocr.o)
                                                  d:/rtt/env/env_released_1.1.2.alpha/env/tools/gnu_gcc/arm_gcc/mingw/bin/../lib/gcc/arm-none-eabi/5.4.1/../../../../arm-none-eabi/lib/armv7-ar/thumb\libc.a(lib_a-freer.o)
__muldf3                                          d:/rtt/env/env_released_1.1.2.alpha/env/tools/gnu_gcc/arm_gcc/mingw/bin/../lib/gcc/arm-none-eabi/5.4.1/armv7-ar/thumb\libgcc.a(_arm_muldivdf3.o)
__preinit_array_end                               d:/rtt/env/env_released_1.1.2.alpha/env/tools/gnu_gcc/arm_gcc/mingw/bin/../lib/gcc/arm-none-eabi/5.4.1/../../../../arm-none-eabi/lib/armv7-ar/thumb\libc.a(lib_a-init.o)
__preinit_array_start                             d:/rtt/env/env_released_1.1.2.alpha/env/tools/gnu_gcc/arm_gcc/mingw/bin/../lib/gcc/arm-none-eabi/5.4.1/../../../../arm-none-eabi/lib/armv7-ar/thumb\libc.a(lib_a-init.o)
__register_exitproc                               d:/rtt/env/env_released_1.1.2.alpha/env/tools/gnu_gcc/arm_gcc/mingw/bin/../lib/gcc/arm-none-eabi/5.4.1/../../../../arm-none-eabi/lib/armv7-ar/thumb\libc.a(lib_a-__atexit.o)
                                                  d:/rtt/env/env_released_1.1.2.alpha/env/tools/gnu_gcc/arm_gcc/mingw/bin/../lib/gcc/arm-none-eabi/5.4.1/../../../../arm-none-eabi/lib/armv7-ar/thumb\libc.a(lib_a-atexit.o)
__register_frame_info                             d:/rtt/env/env_released_1.1.2.alpha/env/tools/gnu_gcc/arm_gcc/mingw/bin/../lib/gcc/arm-none-eabi/5.4.1/armv7-ar/thumb/crtbegin.o
__rt_ffs                                          build\kernel\src\kservice.o
                                                  build\kernel\src\scheduler.o
__spm                                             build\kernel\components\libc\compilers\minilibc\time.o
__stack                                           d:/rtt/env/env_released_1.1.2.alpha/env/tools/gnu_gcc/arm_gcc/mingw/bin/../lib/gcc/arm-none-eabi/5.4.1/../../../../arm-none-eabi/lib/armv7-ar/thumb/crt0.o
__subdf3                                          d:/rtt/env/env_released_1.1.2.alpha/env/tools/gnu_gcc/arm_gcc/mingw/bin/../lib/gcc/arm-none-eabi/5.4.1/armv7-ar/thumb\libgcc.a(_arm_addsubdf3.o)
__udivsi3                                         d:/rtt/env/env_released_1.1.2.alpha/env/tools/gnu_gcc/arm_gcc/mingw/bin/../lib/gcc/arm-none-eabi/5.4.1/armv7-ar/thumb\libgcc.a(_udivsi3.o)
_ctype                                            build\kernel\components\libc\compilers\minilibc\string.o
_exit                                             d:/rtt/env/env_released_1.1.2.alpha/env/tools/gnu_gcc/arm_gcc/mingw/bin/../lib/gcc/arm-none-eabi/5.4.1/../../../../arm-none-eabi/lib/armv7-ar/thumb\libc.a(lib_a-exit.o)
_fini                                             d:/rtt/env/env_released_1.1.2.alpha/env/tools/gnu_gcc/arm_gcc/mingw/bin/../lib/gcc/arm-none-eabi/5.4.1/armv7-ar/thumb/crti.o
                                                  d:/rtt/env/env_released_1.1.2.alpha/env/tools/gnu_gcc/arm_gcc/mingw/bin/../lib/gcc/arm-none-eabi/5.4.1/../../../../arm-none-eabi/lib/armv7-ar/thumb\libc.a(lib_a-fini.o)
_free_r                                           d:/rtt/env/env_released_1.1.2.alpha/env/tools/gnu_gcc/arm_gcc/mingw/bin/../lib/gcc/arm-none-eabi/5.4.1/../../../../arm-none-eabi/lib/armv7-ar/thumb\libc.a(lib_a-freer.o)
                                                  d:/rtt/env/env_released_1.1.2.alpha/env/tools/gnu_gcc/arm_gcc/mingw/bin/../lib/gcc/arm-none-eabi/5.4.1/../../../../arm-none-eabi/lib/armv7-ar/thumb\libc.a(lib_a-mallocr.o)
                                                  d:/rtt/env/env_released_1.1.2.alpha/env/tools/gnu_gcc/arm_gcc/mingw/bin/../lib/gcc/arm-none-eabi/5.4.1/../../../../arm-none-eabi/lib/armv7-ar/thumb\libc.a(lib_a-reent.o)
_gettimeofday                                     build\kernel\components\libc\compilers\minilibc\time.o
                                                  d:/rtt/env/env_released_1.1.2.alpha/env/tools/gnu_gcc/arm_gcc/mingw/bin/../lib/gcc/arm-none-eabi/5.4.1/../../../../arm-none-eabi/lib/armv7-ar/thumb\libc.a(lib_a-gettimeofdayr.o)
_gettimeofday_r                                   d:/rtt/env/env_released_1.1.2.alpha/env/tools/gnu_gcc/arm_gcc/mingw/bin/../lib/gcc/arm-none-eabi/5.4.1/../../../../arm-none-eabi/lib/armv7-ar/thumb\libc.a(lib_a-gettimeofdayr.o)
                                                  d:/rtt/env/env_released_1.1.2.alpha/env/tools/gnu_gcc/arm_gcc/mingw/bin/../lib/gcc/arm-none-eabi/5.4.1/../../../../arm-none-eabi/lib/armv7-ar/thumb\libc.a(lib_a-sysgettod.o)
_global_impure_ptr                                d:/rtt/env/env_released_1.1.2.alpha/env/tools/gnu_gcc/arm_gcc/mingw/bin/../lib/gcc/arm-none-eabi/5.4.1/../../../../arm-none-eabi/lib/armv7-ar/thumb\libc.a(lib_a-impure.o)
                                                  d:/rtt/env/env_released_1.1.2.alpha/env/tools/gnu_gcc/arm_gcc/mingw/bin/../lib/gcc/arm-none-eabi/5.4.1/../../../../arm-none-eabi/lib/armv7-ar/thumb\libc.a(lib_a-__atexit.o)
                                                  d:/rtt/env/env_released_1.1.2.alpha/env/tools/gnu_gcc/arm_gcc/mingw/bin/../lib/gcc/arm-none-eabi/5.4.1/../../../../arm-none-eabi/lib/armv7-ar/thumb\libc.a(lib_a-__call_atexit.o)
                                                  d:/rtt/env/env_released_1.1.2.alpha/env/tools/gnu_gcc/arm_gcc/mingw/bin/../lib/gcc/arm-none-eabi/5.4.1/../../../../arm-none-eabi/lib/armv7-ar/thumb\libc.a(lib_a-exit.o)
_impure_ptr                                       d:/rtt/env/env_released_1.1.2.alpha/env/tools/gnu_gcc/arm_gcc/mingw/bin/../lib/gcc/arm-none-eabi/5.4.1/../../../../arm-none-eabi/lib/armv7-ar/thumb\libc.a(lib_a-impure.o)
                                                  d:/rtt/env/env_released_1.1.2.alpha/env/tools/gnu_gcc/arm_gcc/mingw/bin/../lib/gcc/arm-none-eabi/5.4.1/../../../../arm-none-eabi/lib/armv7-ar/thumb\libc.a(lib_a-reent.o)
                                                  d:/rtt/env/env_released_1.1.2.alpha/env/tools/gnu_gcc/arm_gcc/mingw/bin/../lib/gcc/arm-none-eabi/5.4.1/../../../../arm-none-eabi/lib/armv7-ar/thumb\libc.a(lib_a-sysgettod.o)
_init                                             d:/rtt/env/env_released_1.1.2.alpha/env/tools/gnu_gcc/arm_gcc/mingw/bin/../lib/gcc/arm-none-eabi/5.4.1/armv7-ar/thumb/crti.o
                                                  d:/rtt/env/env_released_1.1.2.alpha/env/tools/gnu_gcc/arm_gcc/mingw/bin/../lib/gcc/arm-none-eabi/5.4.1/../../../../arm-none-eabi/lib/armv7-ar/thumb\libc.a(lib_a-init.o)
_mainCRTStartup                                   d:/rtt/env/env_released_1.1.2.alpha/env/tools/gnu_gcc/arm_gcc/mingw/bin/../lib/gcc/arm-none-eabi/5.4.1/../../../../arm-none-eabi/lib/armv7-ar/thumb/crt0.o
_malloc_r                                         d:/rtt/env/env_released_1.1.2.alpha/env/tools/gnu_gcc/arm_gcc/mingw/bin/../lib/gcc/arm-none-eabi/5.4.1/../../../../arm-none-eabi/lib/armv7-ar/thumb\libc.a(lib_a-mallocr.o)
_malloc_trim_r                                    d:/rtt/env/env_released_1.1.2.alpha/env/tools/gnu_gcc/arm_gcc/mingw/bin/../lib/gcc/arm-none-eabi/5.4.1/../../../../arm-none-eabi/lib/armv7-ar/thumb\libc.a(lib_a-freer.o)
_reclaim_reent                                    d:/rtt/env/env_released_1.1.2.alpha/env/tools/gnu_gcc/arm_gcc/mingw/bin/../lib/gcc/arm-none-eabi/5.4.1/../../../../arm-none-eabi/lib/armv7-ar/thumb\libc.a(lib_a-reent.o)
_rt_errno                                         build\kernel\src\kservice.o
_sbrk                                             d:/rtt/env/env_released_1.1.2.alpha/env/tools/gnu_gcc/arm_gcc/mingw/bin/../lib/gcc/arm-none-eabi/5.4.1/../../../../arm-none-eabi/lib/armv7-ar/thumb\libc.a(lib_a-sbrkr.o)
_sbrk_r                                           d:/rtt/env/env_released_1.1.2.alpha/env/tools/gnu_gcc/arm_gcc/mingw/bin/../lib/gcc/arm-none-eabi/5.4.1/../../../../arm-none-eabi/lib/armv7-ar/thumb\libc.a(lib_a-sbrkr.o)
                                                  d:/rtt/env/env_released_1.1.2.alpha/env/tools/gnu_gcc/arm_gcc/mingw/bin/../lib/gcc/arm-none-eabi/5.4.1/../../../../arm-none-eabi/lib/armv7-ar/thumb\libc.a(lib_a-mallocr.o)
                                                  d:/rtt/env/env_released_1.1.2.alpha/env/tools/gnu_gcc/arm_gcc/mingw/bin/../lib/gcc/arm-none-eabi/5.4.1/../../../../arm-none-eabi/lib/armv7-ar/thumb\libc.a(lib_a-freer.o)
_start                                            d:/rtt/env/env_released_1.1.2.alpha/env/tools/gnu_gcc/arm_gcc/mingw/bin/../lib/gcc/arm-none-eabi/5.4.1/../../../../arm-none-eabi/lib/armv7-ar/thumb/crt0.o
asctime                                           build\kernel\components\libc\compilers\minilibc\time.o
asctime_r                                         build\kernel\components\libc\compilers\minilibc\time.o
atexit                                            d:/rtt/env/env_released_1.1.2.alpha/env/tools/gnu_gcc/arm_gcc/mingw/bin/../lib/gcc/arm-none-eabi/5.4.1/../../../../arm-none-eabi/lib/armv7-ar/thumb\libc.a(lib_a-atexit.o)
                                                  d:/rtt/env/env_released_1.1.2.alpha/env/tools/gnu_gcc/arm_gcc/mingw/bin/../lib/gcc/arm-none-eabi/5.4.1/../../../../arm-none-eabi/lib/armv7-ar/thumb\libc.a(lib_a-__call_atexit.o)
                                                  d:/rtt/env/env_released_1.1.2.alpha/env/tools/gnu_gcc/arm_gcc/mingw/bin/../lib/gcc/arm-none-eabi/5.4.1/../../../../arm-none-eabi/lib/armv7-ar/thumb/crt0.o
atoi                                              build\kernel\components\libc\compilers\minilibc\stdlib.o
atol                                              build\kernel\components\libc\compilers\minilibc\stdlib.o
calloc                                            build\kernel\components\libc\compilers\minilibc\stdlib.o
cleanup_glue                                      d:/rtt/env/env_released_1.1.2.alpha/env/tools/gnu_gcc/arm_gcc/mingw/bin/../lib/gcc/arm-none-eabi/5.4.1/../../../../arm-none-eabi/lib/armv7-ar/thumb\libc.a(lib_a-reent.o)
clk_enable                                        build\applications\main.o
clock                                             build\kernel\components\libc\compilers\minilibc\time.o
cos                                               build\kernel\components\libc\compilers\minilibc\math.o
ctime                                             build\kernel\components\libc\compilers\minilibc\time.o
delay                                             build\applications\main.o
delay_short                                       build\applications\main.o
errno                                             d:/rtt/env/env_released_1.1.2.alpha/env/tools/gnu_gcc/arm_gcc/mingw/bin/../lib/gcc/arm-none-eabi/5.4.1/../../../../arm-none-eabi/lib/armv7-ar/thumb\libc.a(lib_a-reent.o)
                                                  d:/rtt/env/env_released_1.1.2.alpha/env/tools/gnu_gcc/arm_gcc/mingw/bin/../lib/gcc/arm-none-eabi/5.4.1/../../../../arm-none-eabi/lib/armv7-ar/thumb\libc.a(lib_a-sbrkr.o)
                                                  d:/rtt/env/env_released_1.1.2.alpha/env/tools/gnu_gcc/arm_gcc/mingw/bin/../lib/gcc/arm-none-eabi/5.4.1/../../../../arm-none-eabi/lib/armv7-ar/thumb\libc.a(lib_a-gettimeofdayr.o)
exit                                              d:/rtt/env/env_released_1.1.2.alpha/env/tools/gnu_gcc/arm_gcc/mingw/bin/../lib/gcc/arm-none-eabi/5.4.1/../../../../arm-none-eabi/lib/armv7-ar/thumb\libc.a(lib_a-exit.o)
                                                  d:/rtt/env/env_released_1.1.2.alpha/env/tools/gnu_gcc/arm_gcc/mingw/bin/../lib/gcc/arm-none-eabi/5.4.1/../../../../arm-none-eabi/lib/armv7-ar/thumb/crt0.o
free                                              build\kernel\components\libc\compilers\minilibc\stdlib.o
                                                  d:/rtt/env/env_released_1.1.2.alpha/env/tools/gnu_gcc/arm_gcc/mingw/bin/../lib/gcc/arm-none-eabi/5.4.1/../../../../arm-none-eabi/lib/armv7-ar/thumb\libc.a(lib_a-__call_atexit.o)
gettimeofday                                      d:/rtt/env/env_released_1.1.2.alpha/env/tools/gnu_gcc/arm_gcc/mingw/bin/../lib/gcc/arm-none-eabi/5.4.1/../../../../arm-none-eabi/lib/armv7-ar/thumb\libc.a(lib_a-sysgettod.o)
                                                  build\kernel\components\libc\compilers\minilibc\time.o
gmtime_r                                          build\kernel\components\libc\compilers\minilibc\time.o
hardware_init_hook                                d:/rtt/env/env_released_1.1.2.alpha/env/tools/gnu_gcc/arm_gcc/mingw/bin/../lib/gcc/arm-none-eabi/5.4.1/../../../../arm-none-eabi/lib/armv7-ar/thumb/crt0.o
isalpha                                           build\kernel\components\libc\compilers\minilibc\ctype.o
isdigit                                           build\kernel\components\libc\compilers\minilibc\ctype.o
isprint                                           build\kernel\components\libc\compilers\minilibc\ctype.o
isspace                                           build\kernel\components\libc\compilers\minilibc\ctype.o
led_init                                          build\applications\main.o
led_off                                           build\applications\main.o
led_on                                            build\applications\main.o
localtime                                         build\kernel\components\libc\compilers\minilibc\time.o
localtime_r                                       build\kernel\components\libc\compilers\minilibc\time.o
main                                              build\applications\main.o
                                                  build\libcpu\start.o
                                                  d:/rtt/env/env_released_1.1.2.alpha/env/tools/gnu_gcc/arm_gcc/mingw/bin/../lib/gcc/arm-none-eabi/5.4.1/../../../../arm-none-eabi/lib/armv7-ar/thumb/crt0.o
malloc                                            build\kernel\components\libc\compilers\minilibc\stdlib.o
                                                  d:/rtt/env/env_released_1.1.2.alpha/env/tools/gnu_gcc/arm_gcc/mingw/bin/../lib/gcc/arm-none-eabi/5.4.1/../../../../arm-none-eabi/lib/armv7-ar/thumb\libc.a(lib_a-__atexit.o)
memcmp                                            build\kernel\src\kservice.o
memcpy                                            build\kernel\src\kservice.o
memmove                                           build\kernel\src\kservice.o
memset                                            build\kernel\src\kservice.o
                                                  d:/rtt/env/env_released_1.1.2.alpha/env/tools/gnu_gcc/arm_gcc/mingw/bin/../lib/gcc/arm-none-eabi/5.4.1/../../../../arm-none-eabi/lib/armv7-ar/thumb/crt0.o
mktime                                            build\kernel\components\libc\compilers\minilibc\time.o
qsort                                             build\kernel\components\libc\compilers\minilibc\qsort.o
rand                                              build\kernel\components\libc\compilers\minilibc\rand.o
rand_r                                            build\kernel\components\libc\compilers\minilibc\rand.o
random                                            build\kernel\components\libc\compilers\minilibc\rand.o
realloc                                           build\kernel\components\libc\compilers\minilibc\stdlib.o
reset                                             build\libcpu\start.o
rt_calloc                                         build\kernel\src\mem.o
                                                  build\kernel\components\libc\compilers\minilibc\stdlib.o
rt_critical_level                                 build\kernel\src\scheduler.o
rt_current_priority                               build\kernel\src\scheduler.o
rt_current_thread                                 build\kernel\src\scheduler.o
                                                  build\kernel\src\thread.o
rt_enter_critical                                 build\kernel\src\scheduler.o
                                                  build\kernel\src\thread.o
                                                  build\kernel\src\object.o
                                                  build\kernel\src\idle.o
rt_event_control                                  build\kernel\src\ipc.o
rt_event_create                                   build\kernel\src\ipc.o
rt_event_delete                                   build\kernel\src\ipc.o
rt_event_detach                                   build\kernel\src\ipc.o
rt_event_init                                     build\kernel\src\ipc.o
rt_event_recv                                     build\kernel\src\ipc.o
rt_event_send                                     build\kernel\src\ipc.o
rt_exit_critical                                  build\kernel\src\scheduler.o
                                                  build\kernel\src\thread.o
                                                  build\kernel\src\object.o
                                                  build\kernel\src\idle.o
rt_free                                           build\kernel\src\mem.o
                                                  build\kernel\components\libc\compilers\minilibc\stdlib.o
                                                  build\kernel\src\object.o
                                                  build\kernel\src\kservice.o
                                                  build\kernel\src\ipc.o
                                                  build\kernel\src\idle.o
rt_free_align                                     build\kernel\src\kservice.o
rt_get_errno                                      build\kernel\src\kservice.o
rt_hw_board_init                                  build\drivers\board.o
rt_hw_context_switch                              build\libcpu\context.o
                                                  build\kernel\src\scheduler.o
rt_hw_context_switch_interrupt                    build\libcpu\context.o
                                                  build\kernel\src\scheduler.o
rt_hw_context_switch_to                           build\libcpu\context.o
                                                  build\kernel\src\scheduler.o
rt_hw_interrupt_disable                           build\libcpu\context.o
                                                  build\kernel\src\timer.o
                                                  build\kernel\src\thread.o
                                                  build\kernel\src\scheduler.o
                                                  build\kernel\src\object.o
                                                  build\kernel\src\irq.o
                                                  build\kernel\src\ipc.o
                                                  build\kernel\src\idle.o
                                                  build\kernel\src\clock.o
rt_hw_interrupt_enable                            build\libcpu\context.o
                                                  build\kernel\src\timer.o
                                                  build\kernel\src\thread.o
                                                  build\kernel\src\scheduler.o
                                                  build\kernel\src\object.o
                                                  build\kernel\src\irq.o
                                                  build\kernel\src\ipc.o
                                                  build\kernel\src\idle.o
                                                  build\kernel\src\clock.o
rt_hw_stack_init                                  build\libcpu\context.o
                                                  build\kernel\src\thread.o
rt_interrupt_enter                                build\kernel\src\irq.o
rt_interrupt_get_nest                             build\kernel\src\irq.o
                                                  build\kernel\src\kservice.o
rt_interrupt_leave                                build\kernel\src\irq.o
rt_interrupt_nest                                 build\kernel\src\irq.o
                                                  build\kernel\src\scheduler.o
rt_malloc                                         build\kernel\src\mem.o
                                                  build\kernel\components\libc\compilers\minilibc\stdlib.o
                                                  build\kernel\src\thread.o
                                                  build\kernel\src\object.o
                                                  build\kernel\src\kservice.o
                                                  build\kernel\src\ipc.o
rt_malloc_align                                   build\kernel\src\kservice.o
rt_mb_control                                     build\kernel\src\ipc.o
rt_mb_create                                      build\kernel\src\ipc.o
rt_mb_delete                                      build\kernel\src\ipc.o
rt_mb_detach                                      build\kernel\src\ipc.o
rt_mb_init                                        build\kernel\src\ipc.o
rt_mb_recv                                        build\kernel\src\ipc.o
rt_mb_send                                        build\kernel\src\ipc.o
rt_mb_send_wait                                   build\kernel\src\ipc.o
rt_memcmp                                         build\kernel\src\kservice.o
rt_memcpy                                         build\kernel\src\kservice.o
                                                  build\kernel\src\mem.o
                                                  build\kernel\src\ipc.o
rt_memmove                                        build\kernel\src\kservice.o
rt_memory_info                                    build\kernel\src\mem.o
rt_memset                                         build\kernel\src\kservice.o
                                                  build\kernel\src\thread.o
                                                  build\kernel\src\object.o
                                                  build\kernel\src\mem.o
rt_mq_control                                     build\kernel\src\ipc.o
rt_mq_create                                      build\kernel\src\ipc.o
rt_mq_delete                                      build\kernel\src\ipc.o
rt_mq_detach                                      build\kernel\src\ipc.o
rt_mq_init                                        build\kernel\src\ipc.o
rt_mq_recv                                        build\kernel\src\ipc.o
rt_mq_send                                        build\kernel\src\ipc.o
rt_mq_send_wait                                   build\kernel\src\ipc.o
rt_mq_urgent                                      build\kernel\src\ipc.o
rt_mutex_control                                  build\kernel\src\ipc.o
rt_mutex_create                                   build\kernel\src\ipc.o
rt_mutex_delete                                   build\kernel\src\ipc.o
rt_mutex_detach                                   build\kernel\src\ipc.o
rt_mutex_init                                     build\kernel\src\ipc.o
rt_mutex_release                                  build\kernel\src\ipc.o
rt_mutex_take                                     build\kernel\src\ipc.o
rt_object_allocate                                build\kernel\src\object.o
                                                  build\kernel\src\timer.o
                                                  build\kernel\src\thread.o
                                                  build\kernel\src\ipc.o
rt_object_delete                                  build\kernel\src\object.o
                                                  build\kernel\src\timer.o
                                                  build\kernel\src\thread.o
                                                  build\kernel\src\ipc.o
                                                  build\kernel\src\idle.o
rt_object_detach                                  build\kernel\src\object.o
                                                  build\kernel\src\timer.o
                                                  build\kernel\src\thread.o
                                                  build\kernel\src\ipc.o
                                                  build\kernel\src\idle.o
rt_object_find                                    build\kernel\src\object.o
rt_object_get_information                         build\kernel\src\object.o
                                                  build\kernel\src\thread.o
rt_object_get_length                              build\kernel\src\object.o
rt_object_get_pointers                            build\kernel\src\object.o
rt_object_get_type                                build\kernel\src\object.o
rt_object_init                                    build\kernel\src\object.o
                                                  build\kernel\src\timer.o
                                                  build\kernel\src\thread.o
                                                  build\kernel\src\ipc.o
rt_object_is_systemobject                         build\kernel\src\object.o
                                                  build\kernel\src\thread.o
                                                  build\kernel\src\idle.o
rt_realloc                                        build\kernel\src\mem.o
                                                  build\kernel\components\libc\compilers\minilibc\stdlib.o
rt_schedule                                       build\kernel\src\scheduler.o
                                                  build\kernel\src\thread.o
                                                  build\kernel\src\ipc.o
rt_schedule_insert_thread                         build\kernel\src\scheduler.o
                                                  build\kernel\src\thread.o
rt_schedule_remove_thread                         build\kernel\src\scheduler.o
                                                  build\kernel\src\thread.o
rt_sem_control                                    build\kernel\src\ipc.o
rt_sem_create                                     build\kernel\src\ipc.o
rt_sem_delete                                     build\kernel\src\ipc.o
rt_sem_detach                                     build\kernel\src\ipc.o
rt_sem_init                                       build\kernel\src\ipc.o
                                                  build\kernel\src\mem.o
rt_sem_release                                    build\kernel\src\ipc.o
                                                  build\kernel\src\mem.o
rt_sem_take                                       build\kernel\src\ipc.o
                                                  build\kernel\src\mem.o
rt_sem_trytake                                    build\kernel\src\ipc.o
rt_set_errno                                      build\kernel\src\kservice.o
rt_show_version                                   build\kernel\src\kservice.o
rt_snprintf                                       build\kernel\src\kservice.o
rt_sprintf                                        build\kernel\src\kservice.o
                                                  build\kernel\src\idle.o
rt_strcasecmp                                     build\kernel\src\kservice.o
rt_strcmp                                         build\kernel\src\kservice.o
rt_strdup                                         build\kernel\src\kservice.o
rt_strlen                                         build\kernel\src\kservice.o
                                                  build\kernel\components\libc\compilers\minilibc\string.o
rt_strncmp                                        build\kernel\src\kservice.o
                                                  build\kernel\src\thread.o
                                                  build\kernel\src\object.o
rt_strncpy                                        build\kernel\src\kservice.o
                                                  build\kernel\components\libc\compilers\minilibc\string.o
                                                  build\kernel\src\object.o
rt_strnlen                                        build\kernel\src\kservice.o
rt_strstr                                         build\kernel\src\kservice.o
rt_system_heap_init                               build\kernel\src\mem.o
rt_system_object_init                             build\kernel\src\object.o
rt_system_scheduler_init                          build\kernel\src\scheduler.o
rt_system_scheduler_start                         build\kernel\src\scheduler.o
rt_system_tick_init                               build\kernel\src\clock.o
rt_system_timer_init                              build\kernel\src\timer.o
rt_system_timer_thread_init                       build\kernel\src\timer.o
rt_thread_control                                 build\kernel\src\thread.o
                                                  build\kernel\src\ipc.o
rt_thread_create                                  build\kernel\src\thread.o
rt_thread_defunct                                 build\kernel\src\scheduler.o
                                                  build\kernel\src\thread.o
                                                  build\kernel\src\idle.o
rt_thread_delay                                   build\kernel\src\thread.o
rt_thread_delay_until                             build\kernel\src\thread.o
rt_thread_delete                                  build\kernel\src\thread.o
rt_thread_detach                                  build\kernel\src\thread.o
rt_thread_exit                                    build\kernel\src\thread.o
rt_thread_find                                    build\kernel\src\thread.o
rt_thread_idle_excute                             build\kernel\src\idle.o
rt_thread_idle_gethandler                         build\kernel\src\idle.o
rt_thread_idle_init                               build\kernel\src\idle.o
rt_thread_init                                    build\kernel\src\thread.o
                                                  build\kernel\src\idle.o
rt_thread_mdelay                                  build\kernel\src\thread.o
rt_thread_priority_table                          build\kernel\src\scheduler.o
rt_thread_ready_priority_group                    build\kernel\src\scheduler.o
rt_thread_resume                                  build\kernel\src\thread.o
                                                  build\kernel\src\ipc.o
rt_thread_self                                    build\kernel\src\thread.o
                                                  build\kernel\src\kservice.o
                                                  build\kernel\src\ipc.o
                                                  build\kernel\src\clock.o
rt_thread_sleep                                   build\kernel\src\thread.o
rt_thread_startup                                 build\kernel\src\thread.o
                                                  build\kernel\src\idle.o
rt_thread_suspend                                 build\kernel\src\thread.o
                                                  build\kernel\src\ipc.o
rt_thread_timeout                                 build\kernel\src\thread.o
rt_thread_yield                                   build\kernel\src\thread.o
                                                  build\kernel\src\clock.o
rt_tick_from_millisecond                          build\kernel\src\clock.o
                                                  build\kernel\src\thread.o
rt_tick_get                                       build\kernel\src\clock.o
                                                  build\kernel\components\libc\compilers\minilibc\time.o
                                                  build\kernel\src\timer.o
                                                  build\kernel\src\thread.o
                                                  build\kernel\src\ipc.o
rt_tick_increase                                  build\kernel\src\clock.o
rt_tick_set                                       build\kernel\src\clock.o
rt_timer_check                                    build\kernel\src\timer.o
                                                  build\kernel\src\clock.o
rt_timer_control                                  build\kernel\src\timer.o
                                                  build\kernel\src\thread.o
                                                  build\kernel\src\ipc.o
rt_timer_create                                   build\kernel\src\timer.o
rt_timer_delete                                   build\kernel\src\timer.o
rt_timer_detach                                   build\kernel\src\timer.o
                                                  build\kernel\src\thread.o
rt_timer_init                                     build\kernel\src\timer.o
                                                  build\kernel\src\thread.o
rt_timer_next_timeout_tick                        build\kernel\src\timer.o
rt_timer_start                                    build\kernel\src\timer.o
                                                  build\kernel\src\thread.o
                                                  build\kernel\src\ipc.o
rt_timer_stop                                     build\kernel\src\timer.o
                                                  build\kernel\src\thread.o
rt_vsnprintf                                      build\kernel\src\kservice.o
rt_vsprintf                                       build\kernel\src\kservice.o
simple_strtol                                     build\kernel\components\libc\compilers\minilibc\string.o
simple_strtoll                                    build\kernel\components\libc\compilers\minilibc\string.o
simple_strtoul                                    build\kernel\components\libc\compilers\minilibc\string.o
simple_strtoull                                   build\kernel\components\libc\compilers\minilibc\string.o
sin                                               build\kernel\components\libc\compilers\minilibc\math.o
snprintf                                          build\kernel\src\kservice.o
software_init_hook                                d:/rtt/env/env_released_1.1.2.alpha/env/tools/gnu_gcc/arm_gcc/mingw/bin/../lib/gcc/arm-none-eabi/5.4.1/../../../../arm-none-eabi/lib/armv7-ar/thumb/crt0.o
sprintf                                           build\kernel\src\kservice.o
srand                                             build\kernel\components\libc\compilers\minilibc\rand.o
srandom                                           build\kernel\components\libc\compilers\minilibc\rand.o
sscanf                                            build\kernel\components\libc\compilers\minilibc\string.o
strcasecmp                                        build\kernel\src\kservice.o
strcat                                            build\kernel\components\libc\compilers\minilibc\string.o
strchr                                            build\kernel\components\libc\compilers\minilibc\string.o
strcmp                                            build\kernel\components\libc\compilers\minilibc\string.o
strcpy                                            build\kernel\components\libc\compilers\minilibc\string.o
strcspn                                           build\kernel\components\libc\compilers\minilibc\string.o
strdup                                            build\kernel\src\kservice.o
strlcpy                                           build\kernel\components\libc\compilers\minilibc\string.o
strlen                                            build\kernel\src\kservice.o
                                                  build\kernel\components\libc\compilers\minilibc\string.o
strncasecmp                                       build\kernel\components\libc\compilers\minilibc\string.o
strncat                                           build\kernel\components\libc\compilers\minilibc\string.o
strncmp                                           build\kernel\components\libc\compilers\minilibc\string.o
                                                  build\kernel\src\kservice.o
strncpy                                           build\kernel\components\libc\compilers\minilibc\string.o
                                                  build\kernel\src\kservice.o
strrchr                                           build\kernel\components\libc\compilers\minilibc\string.o
strspn                                            build\kernel\components\libc\compilers\minilibc\string.o
strstr                                            build\kernel\src\kservice.o
strtok                                            build\kernel\components\libc\compilers\minilibc\string.o
strtok_r                                          build\kernel\components\libc\compilers\minilibc\string.o
strtol                                            build\kernel\components\libc\compilers\minilibc\string.o
strtoll                                           build\kernel\components\libc\compilers\minilibc\string.o
system_vectors                                    build\libcpu\start.o
time                                              build\kernel\components\libc\compilers\minilibc\time.o
tolower                                           build\kernel\components\libc\compilers\minilibc\string.o
toupper                                           build\kernel\components\libc\compilers\minilibc\string.o
vsprintf                                          build\kernel\src\kservice.o
vsscanf                                           build\kernel\components\libc\compilers\minilibc\string.o
