Archive member included to satisfy reference by file (symbol)

d:/rtt/env/env_released_1.1.2.alpha/env/tools/gnu_gcc/arm_gcc/mingw/bin/../lib/gcc/arm-none-eabi/5.4.1/armv7-ar/thumb\libgcc.a(_udivsi3.o)
                              build\libraries\devices\MCIMX6Y2\system_MCIMX6Y2.o (__aeabi_uidiv)
d:/rtt/env/env_released_1.1.2.alpha/env/tools/gnu_gcc/arm_gcc/mingw/bin/../lib/gcc/arm-none-eabi/5.4.1/armv7-ar/thumb\libgcc.a(_divsi3.o)
                              build\kernel\src\clock.o (__aeabi_idiv)
d:/rtt/env/env_released_1.1.2.alpha/env/tools/gnu_gcc/arm_gcc/mingw/bin/../lib/gcc/arm-none-eabi/5.4.1/armv7-ar/thumb\libgcc.a(_dvmd_tls.o)
                              d:/rtt/env/env_released_1.1.2.alpha/env/tools/gnu_gcc/arm_gcc/mingw/bin/../lib/gcc/arm-none-eabi/5.4.1/armv7-ar/thumb\libgcc.a(_udivsi3.o) (__aeabi_idiv0)
d:/rtt/env/env_released_1.1.2.alpha/env/tools/gnu_gcc/arm_gcc/mingw/bin/../lib/gcc/arm-none-eabi/5.4.1/armv7-ar/thumb\libgcc.a(_arm_addsubdf3.o)
                              build\kernel\components\libc\compilers\minilibc\math.o (__aeabi_dsub)
d:/rtt/env/env_released_1.1.2.alpha/env/tools/gnu_gcc/arm_gcc/mingw/bin/../lib/gcc/arm-none-eabi/5.4.1/armv7-ar/thumb\libgcc.a(_arm_muldivdf3.o)
                              build\kernel\components\libc\compilers\minilibc\math.o (__aeabi_dmul)
d:/rtt/env/env_released_1.1.2.alpha/env/tools/gnu_gcc/arm_gcc/mingw/bin/../lib/gcc/arm-none-eabi/5.4.1/armv7-ar/thumb\libgcc.a(_arm_fixdfsi.o)
                              build\kernel\components\libc\compilers\minilibc\math.o (__aeabi_d2iz)
d:/rtt/env/env_released_1.1.2.alpha/env/tools/gnu_gcc/arm_gcc/mingw/bin/../lib/gcc/arm-none-eabi/5.4.1/armv7-ar/thumb\libgcc.a(_aeabi_uldivmod.o)
                              build\libraries\devices\MCIMX6Y2\system_MCIMX6Y2.o (__aeabi_uldivmod)
d:/rtt/env/env_released_1.1.2.alpha/env/tools/gnu_gcc/arm_gcc/mingw/bin/../lib/gcc/arm-none-eabi/5.4.1/armv7-ar/thumb\libgcc.a(_udivmoddi4.o)
                              d:/rtt/env/env_released_1.1.2.alpha/env/tools/gnu_gcc/arm_gcc/mingw/bin/../lib/gcc/arm-none-eabi/5.4.1/armv7-ar/thumb\libgcc.a(_aeabi_uldivmod.o) (__udivmoddi4)
d:/rtt/env/env_released_1.1.2.alpha/env/tools/gnu_gcc/arm_gcc/mingw/bin/../lib/gcc/arm-none-eabi/5.4.1/../../../../arm-none-eabi/lib/armv7-ar/thumb\libc.a(lib_a-exit.o)
                              d:/rtt/env/env_released_1.1.2.alpha/env/tools/gnu_gcc/arm_gcc/mingw/bin/../lib/gcc/arm-none-eabi/5.4.1/../../../../arm-none-eabi/lib/armv7-ar/thumb/crt0.o (exit)
d:/rtt/env/env_released_1.1.2.alpha/env/tools/gnu_gcc/arm_gcc/mingw/bin/../lib/gcc/arm-none-eabi/5.4.1/../../../../arm-none-eabi/lib/armv7-ar/thumb\libc.a(lib_a-impure.o)
                              d:/rtt/env/env_released_1.1.2.alpha/env/tools/gnu_gcc/arm_gcc/mingw/bin/../lib/gcc/arm-none-eabi/5.4.1/../../../../arm-none-eabi/lib/armv7-ar/thumb\libc.a(lib_a-exit.o) (_global_impure_ptr)
d:/rtt/env/env_released_1.1.2.alpha/env/tools/gnu_gcc/arm_gcc/mingw/bin/../lib/gcc/arm-none-eabi/5.4.1/../../../../arm-none-eabi/lib/armv7-ar/thumb\libc.a(lib_a-init.o)
                              d:/rtt/env/env_released_1.1.2.alpha/env/tools/gnu_gcc/arm_gcc/mingw/bin/../lib/gcc/arm-none-eabi/5.4.1/../../../../arm-none-eabi/lib/armv7-ar/thumb/crt0.o (__libc_init_array)
d:/rtt/env/env_released_1.1.2.alpha/env/tools/gnu_gcc/arm_gcc/mingw/bin/../lib/gcc/arm-none-eabi/5.4.1/../../../../arm-none-eabi/lib/armv7-ar/thumb\libc.a(lib_a-__call_atexit.o)
                              d:/rtt/env/env_released_1.1.2.alpha/env/tools/gnu_gcc/arm_gcc/mingw/bin/../lib/gcc/arm-none-eabi/5.4.1/../../../../arm-none-eabi/lib/armv7-ar/thumb\libc.a(lib_a-exit.o) (__call_exitprocs)
d:/rtt/env/env_released_1.1.2.alpha/env/tools/gnu_gcc/arm_gcc/mingw/bin/../lib/gcc/arm-none-eabi/5.4.1/../../../../arm-none-eabi/lib/armv7-ar/thumb\libc.a(lib_a-atexit.o)
                              d:/rtt/env/env_released_1.1.2.alpha/env/tools/gnu_gcc/arm_gcc/mingw/bin/../lib/gcc/arm-none-eabi/5.4.1/../../../../arm-none-eabi/lib/armv7-ar/thumb\libc.a(lib_a-__call_atexit.o) (atexit)
d:/rtt/env/env_released_1.1.2.alpha/env/tools/gnu_gcc/arm_gcc/mingw/bin/../lib/gcc/arm-none-eabi/5.4.1/../../../../arm-none-eabi/lib/armv7-ar/thumb\libc.a(lib_a-fini.o)
                              d:/rtt/env/env_released_1.1.2.alpha/env/tools/gnu_gcc/arm_gcc/mingw/bin/../lib/gcc/arm-none-eabi/5.4.1/../../../../arm-none-eabi/lib/armv7-ar/thumb\libc.a(lib_a-__call_atexit.o) (__libc_fini_array)
d:/rtt/env/env_released_1.1.2.alpha/env/tools/gnu_gcc/arm_gcc/mingw/bin/../lib/gcc/arm-none-eabi/5.4.1/../../../../arm-none-eabi/lib/armv7-ar/thumb\libc.a(lib_a-__atexit.o)
                              d:/rtt/env/env_released_1.1.2.alpha/env/tools/gnu_gcc/arm_gcc/mingw/bin/../lib/gcc/arm-none-eabi/5.4.1/../../../../arm-none-eabi/lib/armv7-ar/thumb\libc.a(lib_a-atexit.o) (__register_exitproc)

Allocating common symbols
Common symbol       size              file

rt_thread_priority_table
[...]
Memory Configuration

Name             Origin             Length             Attributes
*default*        0x00000000         0xffffffff

Linker script and memory map

LOAD d:/rtt/env/env_released_1.1.2.alpha/env/tools/gnu_gcc/arm_gcc/mingw/bin/../lib/gcc/arm-none-eabi/5.4.1/armv7-ar/thumb/crti.o
LOAD d:/rtt/env/env_released_1.1.2.alpha/env/tools/gnu_gcc/arm_gcc/mingw/bin/../lib/gcc/arm-none-eabi/5.4.1/armv7-ar/thumb/crtbegin.o
LOAD d:/rtt/env/env_released_1.1.2.alpha/env/tools/gnu_gcc/arm_gcc/mingw/bin/../lib/gcc/arm-none-eabi/5.4.1/../../../../arm-none-eabi/lib/armv7-ar/thumb/crt0.o
LOAD d:/rtt/env/env_released_1.1.2.alpha/env/tools/gnu_gcc/arm_gcc/mingw/bin/../lib/gcc/arm-none-eabi/5.4.1/../../../../arm-none-eabi/lib/armv7-ar/thumb\libsupc++.a
LOAD d:/rtt/env/env_released_1.1.2.alpha/env/tools/gnu_gcc/arm_gcc/mingw/bin/../lib/gcc/arm-none-eabi/5.4.1/armv7-ar/thumb\libgcc.a
LOAD build\applications\main.o
LOAD build\drivers\board.o
LOAD build\libcpu\interrupt.o
LOAD build\libcpu\stack.o
LOAD build\libcpu\context_gcc.o
LOAD build\libcpu\start.o
LOAD build\libraries\devices\MCIMX6Y2\system_MCIMX6Y2.o
LOAD build\kernel\src\clock.o
LOAD build\kernel\src\components.o
LOAD build\kernel\src\device.o
LOAD build\kernel\src\idle.o
LOAD build\kernel\src\ipc.o
LOAD build\kernel\src\irq.o
LOAD build\kernel\src\kservice.o
LOAD build\kernel\src\object.o
LOAD build\kernel\src\scheduler.o
LOAD build\kernel\src\signal.o
LOAD build\kernel\src\thread.o
LOAD build\kernel\src\timer.o
LOAD build\kernel\components\libc\compilers\minilibc\ctype.o
LOAD build\kernel\components\libc\compilers\minilibc\math.o
LOAD build\kernel\components\libc\compilers\minilibc\qsort.o
LOAD build\kernel\components\libc\compilers\minilibc\rand.o
LOAD build\kernel\components\libc\compilers\minilibc\stdlib.o
LOAD build\kernel\components\libc\compilers\minilibc\string.o
LOAD build\kernel\components\libc\compilers\minilibc\time.o
START GROUP
LOAD d:/rtt/env/env_released_1.1.2.alpha/env/tools/gnu_gcc/arm_gcc/mingw/bin/../lib/gcc/arm-none-eabi/5.4.1/armv7-ar/thumb\libgcc.a
LOAD d:/rtt/env/env_released_1.1.2.alpha/env/tools/gnu_gcc/arm_gcc/mingw/bin/../lib/gcc/arm-none-eabi/5.4.1/../../../../arm-none-eabi/lib/armv7-ar/thumb\libc.a
END GROUP
LOAD d:/rtt/env/env_released_1.1.2.alpha/env/tools/gnu_gcc/arm_gcc/mingw/bin/../lib/gcc/arm-none-eabi/5.4.1/armv7-ar/thumb/crtend.o
LOAD d:/rtt/env/env_released_1.1.2.alpha/env/tools/gnu_gcc/arm_gcc/mingw/bin/../lib/gcc/arm-none-eabi/5.4.1/armv7-ar/thumb/crtn.o
                0x87800000                . = 0x87800000
                0x87800000                . = ALIGN (0x4)
                0x87800000                __text_start = .

.text           0x87800000     0x2f64
                0x87800000                __VECTOR_TABLE = .
                0x87800000                . = ALIGN (0x4)
 *(.vectors)
 .vectors       0x87800000       0x40 build\libcpu\start.o
                0x87800000                system_vectors
 *(.text)
 .text          0x87800040       0x6c d:/rtt/env/env_released_1.1.2.alpha/env/tools/gnu_gcc/arm_gcc/mingw/bin/../lib/gcc/arm-none-eabi/5.4.1/armv7-ar/thumb/crtbegin.o
 .text          0x878000ac       0xe8 build\applications\main.o
                0x878000ac                clk_enable
                0x878000d8                led_init
                0x87800110                led_on
                0x87800128                led_off
                0x87800140                delay_short
                0x87800164                delay
 .text          0x87800194        0x4 build\drivers\board.o
                0x87800194                rt_hw_board_init
 .text          0x87800198       0x64 build\libcpu\stack.o
                0x87800198                rt_hw_stack_init
 .text          0x878001fc       0x1c build\libcpu\context_gcc.o
                0x878001fc                rt_hw_interrupt_disable
                0x87800208                rt_hw_interrupt_enable
                0x87800210                rt_hw_context_switch_to
 *fill*         0x87800218        0x8 00000000
 .text          0x87800220      0x1c0 build\libcpu\start.o
                0x87800220                reset
 .text          0x878003e0      0x6fc build\libraries\devices\MCIMX6Y2\system_MCIMX6Y2.o
                0x878003e0                ENET2_Driver1588IRQHandler
                0x878003e0                ENET2_DriverIRQHandler
                0x878003e0                I2S2_DriverIRQHandler
                0x878003e0                I2C3_DriverIRQHandler
                0x878003e0                CAN1_DriverIRQHandler
                0x878003e0                I2S3_Rx_DriverIRQHandler
                0x878003e0                I2C2_DriverIRQHandler
                0x878003e0                UART1_DriverIRQHandler
                0x878003e0                UART5_DriverIRQHandler
                0x878003e0                UART4_DriverIRQHandler
                0x878003e0                USDHC1_DriverIRQHandler
                0x878003e0                ECSPI3_DriverIRQHandler
                0x878003e0                ECSPI2_DriverIRQHandler
                0x878003e0                UART3_DriverIRQHandler
                0x878003e0                UART7_DriverIRQHandler
                0x878003e0                I2S1_DriverIRQHandler
                0x878003e0                ENET1_Driver1588IRQHandler
                0x878003e0                CAN2_DriverIRQHandler
                0x878003e0                ECSPI4_DriverIRQHandler
                0x878003e0                USDHC2_DriverIRQHandler
                0x878003e0                I2C4_DriverIRQHandler
                0x878003e0                UART2_DriverIRQHandler
                0x878003e0                SDMA_DriverIRQHandler
                0x878003e0                I2C1_DriverIRQHandler
                0x878003e0                ECSPI1_DriverIRQHandler
                0x878003e0                ENET1_DriverIRQHandler
                0x878003e0                UART8_DriverIRQHandler
                0x878003e0                UART6_DriverIRQHandler
                0x878003e0                I2S3_Tx_DriverIRQHandler
                0x878003e4                SystemInit
                0x87800530                SystemCoreClockUpdate
                0x87800610                SystemInitIrqTable
                0x87800820                SystemInstallIrqHandler
                0x87800838                SystemIrqHandler
                0x87800884                SystemGetIRQNestingLevel
                0x87800894                SystemSetupSystick
                0x87800ac8                SystemClearSystickFlag
 .text          0x87800adc       0xd0 build\kernel\src\clock.o
                0x87800adc                rt_system_tick_init
                0x87800ae0                rt_tick_get
                0x87800af0                rt_tick_set
                0x87800b10                rt_tick_increase
                0x87800b60                rt_tick_from_millisecond
 .text          0x87800bac      0x11c build\kernel\src\components.o
                0x87800bcc                rt_components_board_init
                0x87800bf8                rt_components_init
                0x87800c24                main_thread_entry
                0x87800c34                rt_application_init
                0x87800c88                rtthread_startup
                0x87800cb8                entry
 .text          0x87800cc8      0x124 build\kernel\src\idle.o
                0x87800cc8                rt_thread_idle_excute
                0x87800d7c                rt_thread_idle_init
                0x87800de0                rt_thread_idle_gethandler
 .text          0x87800dec       0x74 build\kernel\src\irq.o
                0x87800dec                rt_interrupt_enter
                0x87800e14                rt_interrupt_leave
                0x87800e3c                rt_interrupt_get_nest
 .text          0x87800e60      0xb24 build\kernel\src\kservice.o
                0x87801084                rt_get_errno
                0x878010b8                rt_set_errno
                0x878010f0                _rt_errno
                0x87801120                memset
                0x87801120                rt_memset
                0x878011bc                rt_memcpy
                0x878011bc                memcpy
                0x8780128c                memmove
                0x8780128c                rt_memmove
                0x878012d8                rt_memcmp
                0x878012d8                memcmp
                0x87801308                rt_strcasecmp
                0x87801308                strcasecmp
                0x87801358                rt_strncpy
                0x87801390                rt_strncmp
                0x878013cc                rt_strcmp
                0x878013fc                rt_strnlen
                0x87801424                strlen
                0x87801424                rt_strlen
                0x87801444                rt_strstr
                0x87801444                strstr
                0x878014b0                rt_show_version
                0x878014b4                rt_vsnprintf
                0x878018bc                snprintf
                0x878018bc                rt_snprintf
                0x878018e4                vsprintf
                0x878018e4                rt_vsprintf
                0x878018f4                sprintf
                0x878018f4                rt_sprintf
                0x8780191c                __rt_ffs
 .text          0x87801984      0x21c build\kernel\src\object.o
                0x87801984                rt_system_object_init
                0x87801988                rt_object_get_information
                0x878019c4                rt_object_get_length
                0x87801a00                rt_object_get_pointers
                0x87801a68                rt_object_init
                0x87801ae0                rt_object_detach
                0x87801b1c                rt_object_is_systemobject
                0x87801b28                rt_object_get_type
                0x87801b34                rt_object_find
 .text          0x87801ba0      0x348 build\kernel\src\scheduler.o
                0x87801ba0                rt_system_scheduler_init
                0x87801bf4                rt_schedule_insert_thread
                0x87801c7c                rt_schedule_remove_thread
                0x87801ce0                rt_system_scheduler_start
                0x87801d2c                rt_schedule
                0x87801e5c                rt_enter_critical
                0x87801e80                rt_exit_critical
                0x87801ed8                rt_critical_level
 .text          0x87801ee8      0x588 build\kernel\src\thread.o
                0x87801ee8                rt_thread_exit
                0x87801f70                rt_thread_timeout
                0x87801fa8                rt_thread_init
                0x8780207c                rt_thread_self
                0x8780208c                rt_thread_detach
                0x87802120                rt_thread_yield
                0x87802130                rt_thread_suspend
                0x87802188                rt_thread_sleep
                0x878021f4                rt_thread_delay
                0x878021f8                rt_thread_mdelay
                0x87802208                rt_thread_delay_until
                0x878022ac                rt_thread_resume
                0x87802314                rt_thread_startup
                0x87802358                rt_thread_control
                0x878023e0                rt_thread_find
 .text          0x87802470      0x2d8 build\kernel\src\timer.o
                0x87802494                rt_timer_init
                0x878024e4                rt_timer_detach
                0x87802514                rt_timer_start
                0x878025cc                rt_timer_stop
                0x87802614                rt_timer_control
                0x8780267c                rt_timer_check
                0x87802704                rt_timer_next_timeout_tick
                0x87802730                rt_system_timer_init
                0x87802744                rt_system_timer_thread_init
 .text          0x87802748      0x278 d:/rtt/env/env_released_1.1.2.alpha/env/tools/gnu_gcc/arm_gcc/mingw/bin/../lib/gcc/arm-none-eabi/5.4.1/armv7-ar/thumb\libgcc.a(_udivsi3.o)
                0x87802748                __aeabi_uidiv
                0x87802748                __udivsi3
                0x878029a4                __aeabi_uidivmod
 .text          0x878029c0      0x2b0 d:/rtt/env/env_released_1.1.2.alpha/env/tools/gnu_gcc/arm_gcc/mingw/bin/../lib/gcc/arm-none-eabi/5.4.1/armv7-ar/thumb\libgcc.a(_divsi3.o)
                0x878029c0                __divsi3
                0x878029c0                __aeabi_idiv
                0x87802c54                __aeabi_idivmod
 .text          0x87802c70        0x4 d:/rtt/env/env_released_1.1.2.alpha/env/tools/gnu_gcc/arm_gcc/mingw/bin/../lib/gcc/arm-none-eabi/5.4.1/armv7-ar/thumb\libgcc.a(_dvmd_tls.o)
                0x87802c70                __aeabi_idiv0
                0x87802c70                __aeabi_ldiv0
 .text          0x87802c74       0x30 d:/rtt/env/env_released_1.1.2.alpha/env/tools/gnu_gcc/arm_gcc/mingw/bin/../lib/gcc/arm-none-eabi/5.4.1/armv7-ar/thumb\libgcc.a(_aeabi_uldivmod.o)
                0x87802c74                __aeabi_uldivmod
 .text          0x87802ca4      0x110 d:/rtt/env/env_released_1.1.2.alpha/env/tools/gnu_gcc/arm_gcc/mingw/bin/../lib/gcc/arm-none-eabi/5.4.1/armv7-ar/thumb\libgcc.a(_udivmoddi4.o)
                0x87802ca4                __udivmoddi4
 *(.text.*)
 .text.startup  0x87802db4       0x28 build\applications\main.o
                0x87802db4                main
 .text.isr      0x87802ddc       0x68 build\libcpu\context_gcc.o
                0x87802ddc                rt_hw_context_switch
                0x87802e00                rt_hw_context_switch_interrupt
                0x87802e2c                rt_hw_context_switch_exit
 .text.startup.register_fini
                0x87802e44       0x18 d:/rtt/env/env_released_1.1.2.alpha/env/tools/gnu_gcc/arm_gcc/mingw/bin/../lib/gcc/arm-none-eabi/5.4.1/../../../../arm-none-eabi/lib/armv7-ar/thumb\libc.a(lib_a-__call_atexit.o)
 .text.atexit   0x87802e5c        0xc d:/rtt/env/env_released_1.1.2.alpha/env/tools/gnu_gcc/arm_gcc/mingw/bin/../lib/gcc/arm-none-eabi/5.4.1/../../../../arm-none-eabi/lib/armv7-ar/thumb\libc.a(lib_a-atexit.o)
                0x87802e5c                atexit
 .text.__libc_fini_array
                0x87802e68       0x34 d:/rtt/env/env_released_1.1.2.alpha/env/tools/gnu_gcc/arm_gcc/mingw/bin/../lib/gcc/arm-none-eabi/5.4.1/../../../../arm-none-eabi/lib/armv7-ar/thumb\libc.a(lib_a-fini.o)
                0x87802e68                __libc_fini_array
 .text.__register_exitproc
                0x87802e9c       0xac d:/rtt/env/env_released_1.1.2.alpha/env/tools/gnu_gcc/arm_gcc/mingw/bin/../lib/gcc/arm-none-eabi/5.4.1/../../../../arm-none-eabi/lib/armv7-ar/thumb\libc.a(lib_a-__atexit.o)
                0x87802e9c                __register_exitproc
 *(.fini)
 .fini          0x87802f48        0x4 d:/rtt/env/env_released_1.1.2.alpha/env/tools/gnu_gcc/arm_gcc/mingw/bin/../lib/gcc/arm-none-eabi/5.4.1/armv7-ar/thumb/crti.o
                0x87802f48                _fini
 .fini          0x87802f4c        0x8 d:/rtt/env/env_released_1.1.2.alpha/env/tools/gnu_gcc/arm_gcc/mingw/bin/../lib/gcc/arm-none-eabi/5.4.1/armv7-ar/thumb/crtn.o
                0x87802f54                . = ALIGN (0x4)
                0x87802f54                __fsymtab_start = .
 *(FSymTab)
                0x87802f54                __fsymtab_end = .
                0x87802f54                . = ALIGN (0x4)
                0x87802f54                __vsymtab_start = .
 *(VSymTab)
                0x87802f54                __vsymtab_end = .
                0x87802f54                . = ALIGN (0x4)
                0x87802f54                . = ALIGN (0x4)
                0x87802f54                __rtmsymtab_start = .
 *(RTMSymTab)
                0x87802f54                __rtmsymtab_end = .
                0x87802f54                . = ALIGN (0x4)
                0x87802f54                __rt_init_start = .
 *(SORT(.rti_fn*))
 .rti_fn.0      0x87802f54        0x4 build\kernel\src\components.o
                0x87802f54                __rt_init_rti_start
 .rti_fn.0.end  0x87802f58        0x4 build\kernel\src\components.o
                0x87802f58                __rt_init_rti_board_start
 .rti_fn.1.end  0x87802f5c        0x4 build\kernel\src\components.o
                0x87802f5c                __rt_init_rti_board_end
 .rti_fn.6.end  0x87802f60        0x4 build\kernel\src\components.o
                0x87802f60                __rt_init_rti_end
                0x87802f64                __rt_init_end = .
                0x87802f64                __text_end = .
                0x87802f64                __rodata_start = .

.glue_7         0x87802f64        0x0
 .glue_7        0x87802f64        0x0 linker stubs

.glue_7t        0x87802f64        0x0
 .glue_7t       0x87802f64        0x0 linker stubs

.vfp11_veneer   0x87802f64        0x0
 .vfp11_veneer  0x87802f64        0x0 linker stubs

.v4_bx          0x87802f64        0x0
 .v4_bx         0x87802f64        0x0 linker stubs

.init           0x87802f64        0x4
 .init          0x87802f64        0x4 d:/rtt/env/env_released_1.1.2.alpha/env/tools/gnu_gcc/arm_gcc/mingw/bin/../lib/gcc/arm-none-eabi/5.4.1/armv7-ar/thumb/crti.o
                0x87802f64                _init

.iplt           0x87802f68        0x0
 .iplt          0x87802f68        0x0 d:/rtt/env/env_released_1.1.2.alpha/env/tools/gnu_gcc/arm_gcc/mingw/bin/../lib/gcc/arm-none-eabi/5.4.1/armv7-ar/thumb/crtbegin.o

.rodata         0x87802f68      0x140
 *(.rodata)
 .rodata        0x87802f68      0x128 build\kernel\src\kservice.o
                0x87802f90                __lowest_bit_bitmap
 *(.rodata.*)
 .rodata.str1.1
                0x87803090        0x5 build\kernel\src\components.o
 .rodata.str1.1
                0x87803095        0x8 build\kernel\src\idle.o
 .rodata.str1.1
                0x8780309d        0x7 build\kernel\src\kservice.o
 .rodata._global_impure_ptr
                0x878030a4        0x4 d:/rtt/env/env_released_1.1.2.alpha/env/tools/gnu_gcc/arm_gcc/mingw/bin/../lib/gcc/arm-none-eabi/5.4.1/../../../../arm-none-eabi/lib/armv7-ar/thumb\libc.a(lib_a-impure.o)
                0x878030a4                _global_impure_ptr
 *(.eh_frame)
 .eh_frame      0x878030a8        0x0 d:/rtt/env/env_released_1.1.2.alpha/env/tools/gnu_gcc/arm_gcc/mingw/bin/../lib/gcc/arm-none-eabi/5.4.1/armv7-ar/thumb/crtbegin.o
                0x878030a8                __rodata_end = .
                0x878030a8                . = ALIGN (0x4)

.ctors          0x878030a8        0x0
                [!provide]                PROVIDE (__ctors_start__, .)
 *crtbegin.o(.ctors)
 *crtbegin?.o(.ctors)
 *(EXCLUDE_FILE(*crtend.o *crtend?.o) .ctors)
 *(SORT(.ctors.*))
 *(.ctors)
                [!provide]                PROVIDE (__ctors_end__, .)

.ARM.extab
 *(.ARM.extab* .gnu.linkonce.armextab.*)
                0x878030a8                __exidx_start = .

ARM.exidx       0x878030a8        0x8
 *(.ARM.exidx* .gnu.linkonce.armexidx.*)
 .ARM.exidx     0x878030a8        0x8 d:/rtt/env/env_released_1.1.2.alpha/env/tools/gnu_gcc/arm_gcc/mingw/bin/../lib/gcc/arm-none-eabi/5.4.1/armv7-ar/thumb\libgcc.a(_udivmoddi4.o)
                0x878030b0                _sidata = .
                0x878030b0                __exidx_end = .

.rel.dyn        0x878030b0        0x0
 .rel.iplt      0x878030b0        0x0 d:/rtt/env/env_released_1.1.2.alpha/env/tools/gnu_gcc/arm_gcc/mingw/bin/../lib/gcc/arm-none-eabi/5.4.1/armv7-ar/thumb/crtbegin.o

.dtors          0x878030b0        0x0
                [!provide]                PROVIDE (__dtors_start__, .)
 *crtbegin.o(.dtors)
 *crtbegin?.o(.dtors)
 *(EXCLUDE_FILE(*crtend.o *crtend?.o) .dtors)
 *(SORT(.dtors.*))
 *(.dtors)
                [!provide]                PROVIDE (__dtors_end__, .)
                0x878030b0                . = ALIGN (0x8)
                0x878030b0                __data_start = .

.data           0x878030b0      0x4c0
 *(.data)
 .data          0x878030b0        0x4 build\libraries\devices\MCIMX6Y2\system_MCIMX6Y2.o
                0x878030b0                SystemCoreClock
 .data          0x878030b4       0x80 build\kernel\src\object.o
 *(.data.*)
 *fill*         0x87803134        0x4 
 .data.impure_data
                0x87803138      0x428 d:/rtt/env/env_released_1.1.2.alpha/env/tools/gnu_gcc/arm_gcc/mingw/bin/../lib/gcc/arm-none-eabi/5.4.1/../../../../arm-none-eabi/lib/armv7-ar/thumb\libc.a(lib_a-impure.o)
                0x87803560                . = ALIGN (0x4)
                0x87803560                PROVIDE (__preinit_array_start, .)
 *(.preinit_array)
                0x87803560                PROVIDE (__preinit_array_end, .)
                0x87803560                . = ALIGN (0x4)
                0x87803560                PROVIDE (__init_array_start, .)
 *(SORT(.init_array.*))
 .init_array.00000
                0x87803560        0x4 d:/rtt/env/env_released_1.1.2.alpha/env/tools/gnu_gcc/arm_gcc/mingw/bin/../lib/gcc/arm-none-eabi/5.4.1/../../../../arm-none-eabi/lib/armv7-ar/thumb\libc.a(lib_a-__call_atexit.o)
 *(.init_array)
 .init_array    0x87803564        0x4 d:/rtt/env/env_released_1.1.2.alpha/env/tools/gnu_gcc/arm_gcc/mingw/bin/../lib/gcc/arm-none-eabi/5.4.1/armv7-ar/thumb/crtbegin.o
                0x87803568                PROVIDE (__init_array_end, .)
                0x87803568                . = ALIGN (0x4)
                0x87803568                PROVIDE (__fini_array_start, .)
 *(SORT(.fini_array.*))
 *(.fini_array)
 .fini_array    0x87803568        0x4 d:/rtt/env/env_released_1.1.2.alpha/env/tools/gnu_gcc/arm_gcc/mingw/bin/../lib/gcc/arm-none-eabi/5.4.1/armv7-ar/thumb/crtbegin.o
                0x8780356c                PROVIDE (__fini_array_end, .)
 *(.jcr*)
 .jcr           0x8780356c        0x0 d:/rtt/env/env_released_1.1.2.alpha/env/tools/gnu_gcc/arm_gcc/mingw/bin/../lib/gcc/arm-none-eabi/5.4.1/armv7-ar/thumb/crtbegin.o
 .jcr           0x8780356c        0x4 d:/rtt/env/env_released_1.1.2.alpha/env/tools/gnu_gcc/arm_gcc/mingw/bin/../lib/gcc/arm-none-eabi/5.4.1/armv7-ar/thumb/crtend.o
                0x87803570                . = ALIGN (0x4)
 *(.gnu.linkonce.d*)
                0x87803570                __data_end = .

.igot.plt       0x87803570        0x0
 .igot.plt      0x87803570        0x0 d:/rtt/env/env_released_1.1.2.alpha/env/tools/gnu_gcc/arm_gcc/mingw/bin/../lib/gcc/arm-none-eabi/5.4.1/armv7-ar/thumb/crtbegin.o
                0x87803570                . = ALIGN (0x4)
                0x87803570                __bss_start = .

.bss            0x87803570     0x135c
 *(.bss)
 .bss           0x87803570       0x1c d:/rtt/env/env_released_1.1.2.alpha/env/tools/gnu_gcc/arm_gcc/mingw/bin/../lib/gcc/arm-none-eabi/5.4.1/armv7-ar/thumb/crtbegin.o
 .bss           0x8780358c        0xc build\libcpu\interrupt.o
                0x8780358c                rt_thread_switch_interrupt_flag
                0x87803590                rt_interrupt_to_thread
                0x87803594                rt_interrupt_from_thread
 .bss           0x87803598      0x504 build\libraries\devices\MCIMX6Y2\system_MCIMX6Y2.o
 .bss           0x87803a9c        0x4 build\kernel\src\clock.o
 .bss           0x87803aa0      0x800 build\kernel\src\components.o
 .bss           0x878042a0      0x480 build\kernel\src\idle.o
 .bss           0x87804720        0x1 build\kernel\src\irq.o
                0x87804720                rt_interrupt_nest
 *fill*         0x87804721        0x3 
 .bss           0x87804724        0x4 build\kernel\src\kservice.o
 .bss           0x87804728        0x2 build\kernel\src\scheduler.o
 *fill*         0x8780472a        0x2 
 .bss           0x8780472c        0xc build\kernel\src\timer.o
 *(.bss.*)
 *(COMMON)
 COMMON         0x87804738       0x80 build\kernel\src\components.o
                0x87804738                main_thread
 COMMON         0x878047b8      0x114 build\kernel\src\scheduler.o
                0x878047b8                rt_thread_priority_table
                0x878048b8                rt_current_priority
                0x878048bc                rt_current_thread
                0x878048c0                rt_thread_ready_priority_group
                0x878048c4                rt_thread_defunct
                0x878048cc                . = ALIGN (0x4)
                0x878048cc                . = ALIGN (0x4)
                0x878048cc                __bss_end = .

.stab
 *(.stab)

.stabstr
 *(.stabstr)

.stab.excl
 *(.stab.excl)

.stab.exclstr
 *(.stab.exclstr)

.stab.index
 *(.stab.index)

.stab.indexstr
 *(.stab.indexstr)

.comment        0x00000000       0x6e
 *(.comment)
 .comment       0x00000000       0x6e build\applications\main.o
                                 0x6f (size before relaxing)
 .comment       0x0000006e       0x6f build\drivers\board.o
 .comment       0x0000006e       0x6f build\libcpu\interrupt.o
 .comment       0x0000006e       0x6f build\libcpu\stack.o
 .comment       0x0000006e       0x6f build\libraries\devices\MCIMX6Y2\system_MCIMX6Y2.o
 .comment       0x0000006e       0x6f build\kernel\src\clock.o
 .comment       0x0000006e       0x6f build\kernel\src\components.o
 .comment       0x0000006e       0x6f build\kernel\src\idle.o
 .comment       0x0000006e       0x6f build\kernel\src\irq.o
 .comment       0x0000006e       0x6f build\kernel\src\kservice.o
 .comment       0x0000006e       0x6f build\kernel\src\object.o
 .comment       0x0000006e       0x6f build\kernel\src\scheduler.o
 .comment       0x0000006e       0x6f build\kernel\src\thread.o
 .comment       0x0000006e       0x6f build\kernel\src\timer.o

.ARM.attributes
                0x00000000       0x29
 .ARM.attributes
                0x00000000       0x19 d:/rtt/env/env_released_1.1.2.alpha/env/tools/gnu_gcc/arm_gcc/mingw/bin/../lib/gcc/arm-none-eabi/5.4.1/armv7-ar/thumb/crti.o
 .ARM.attributes
                0x00000019       0x29 d:/rtt/env/env_released_1.1.2.alpha/env/tools/gnu_gcc/arm_gcc/mingw/bin/../lib/gcc/arm-none-eabi/5.4.1/armv7-ar/thumb/crtbegin.o
 .ARM.attributes
                0x00000042       0x2b build\applications\main.o
 .ARM.attributes
                0x0000006d       0x2b build\drivers\board.o
 .ARM.attributes
                0x00000098       0x2b build\libcpu\interrupt.o
 .ARM.attributes
                0x000000c3       0x2b build\libcpu\stack.o
 .ARM.attributes
                0x000000ee       0x1d build\libcpu\context_gcc.o
 .ARM.attributes
                0x0000010b       0x1d build\libcpu\start.o
 .ARM.attributes
                0x00000128       0x2b build\libraries\devices\MCIMX6Y2\system_MCIMX6Y2.o
 .ARM.attributes
                0x00000153       0x2b build\kernel\src\clock.o
 .ARM.attributes
                0x0000017e       0x2b build\kernel\src\components.o
 .ARM.attributes
                0x000001a9       0x2b build\kernel\src\idle.o
 .ARM.attributes
                0x000001d4       0x2b build\kernel\src\irq.o
 .ARM.attributes
                0x000001ff       0x2b build\kernel\src\kservice.o
 .ARM.attributes
                0x0000022a       0x2b build\kernel\src\object.o
 .ARM.attributes
                0x00000255       0x2b build\kernel\src\scheduler.o
 .ARM.attributes
                0x00000280       0x2b build\kernel\src\thread.o
 .ARM.attributes
                0x000002ab       0x2b build\kernel\src\timer.o
 .ARM.attributes
                0x000002d6       0x19 d:/rtt/env/env_released_1.1.2.alpha/env/tools/gnu_gcc/arm_gcc/mingw/bin/../lib/gcc/arm-none-eabi/5.4.1/armv7-ar/thumb\libgcc.a(_udivsi3.o)
 .ARM.attributes
                0x000002ef       0x19 d:/rtt/env/env_released_1.1.2.alpha/env/tools/gnu_gcc/arm_gcc/mingw/bin/../lib/gcc/arm-none-eabi/5.4.1/armv7-ar/thumb\libgcc.a(_divsi3.o)
 .ARM.attributes
                0x00000308       0x19 d:/rtt/env/env_released_1.1.2.alpha/env/tools/gnu_gcc/arm_gcc/mingw/bin/../lib/gcc/arm-none-eabi/5.4.1/armv7-ar/thumb\libgcc.a(_dvmd_tls.o)
 .ARM.attributes
                0x00000321       0x19 d:/rtt/env/env_released_1.1.2.alpha/env/tools/gnu_gcc/arm_gcc/mingw/bin/../lib/gcc/arm-none-eabi/5.4.1/armv7-ar/thumb\libgcc.a(_aeabi_uldivmod.o)
 .ARM.attributes
                0x0000033a       0x29 d:/rtt/env/env_released_1.1.2.alpha/env/tools/gnu_gcc/arm_gcc/mingw/bin/../lib/gcc/arm-none-eabi/5.4.1/armv7-ar/thumb\libgcc.a(_udivmoddi4.o)
 .ARM.attributes
                0x00000363       0x29 d:/rtt/env/env_released_1.1.2.alpha/env/tools/gnu_gcc/arm_gcc/mingw/bin/../lib/gcc/arm-none-eabi/5.4.1/../../../../arm-none-eabi/lib/armv7-ar/thumb\libc.a(lib_a-impure.o)
 .ARM.attributes
                0x0000038c       0x29 d:/rtt/env/env_released_1.1.2.alpha/env/tools/gnu_gcc/arm_gcc/mingw/bin/../lib/gcc/arm-none-eabi/5.4.1/../../../../arm-none-eabi/lib/armv7-ar/thumb\libc.a(lib_a-__call_atexit.o)
 .ARM.attributes
                0x000003b5       0x29 d:/rtt/env/env_released_1.1.2.alpha/env/tools/gnu_gcc/arm_gcc/mingw/bin/../lib/gcc/arm-none-eabi/5.4.1/../../../../arm-none-eabi/lib/armv7-ar/thumb\libc.a(lib_a-atexit.o)
 .ARM.attributes
                0x000003de       0x29 d:/rtt/env/env_released_1.1.2.alpha/env/tools/gnu_gcc/arm_gcc/mingw/bin/../lib/gcc/arm-none-eabi/5.4.1/../../../../arm-none-eabi/lib/armv7-ar/thumb\libc.a(lib_a-fini.o)
 .ARM.attributes
                0x00000407       0x29 d:/rtt/env/env_released_1.1.2.alpha/env/tools/gnu_gcc/arm_gcc/mingw/bin/../lib/gcc/arm-none-eabi/5.4.1/../../../../arm-none-eabi/lib/armv7-ar/thumb\libc.a(lib_a-__atexit.o)
 .ARM.attributes
                0x00000430       0x29 d:/rtt/env/env_released_1.1.2.alpha/env/tools/gnu_gcc/arm_gcc/mingw/bin/../lib/gcc/arm-none-eabi/5.4.1/armv7-ar/thumb/crtend.o
 .ARM.attributes
                0x00000459       0x19 d:/rtt/env/env_released_1.1.2.alpha/env/tools/gnu_gcc/arm_gcc/mingw/bin/../lib/gcc/arm-none-eabi/5.4.1/armv7-ar/thumb/crtn.o

.debug_abbrev
 *(.debug_abbrev)

.debug_info
 *(.debug_info)

.debug_line
 *(.debug_line)

.debug_pubnames
 *(.debug_pubnames)

.debug_aranges
 *(.debug_aranges)
                0x00000472                _end = .
OUTPUT(rtthread.elf elf32-littlearm)

.debug_frame    0x00000000      0x178
 .debug_frame   0x00000000       0x20 d:/rtt/env/env_released_1.1.2.alpha/env/tools/gnu_gcc/arm_gcc/mingw/bin/../lib/gcc/arm-none-eabi/5.4.1/armv7-ar/thumb\libgcc.a(_udivsi3.o)
 .debug_frame   0x00000020       0x20 d:/rtt/env/env_released_1.1.2.alpha/env/tools/gnu_gcc/arm_gcc/mingw/bin/../lib/gcc/arm-none-eabi/5.4.1/armv7-ar/thumb\libgcc.a(_divsi3.o)
 .debug_frame   0x00000040       0x2c d:/rtt/env/env_released_1.1.2.alpha/env/tools/gnu_gcc/arm_gcc/mingw/bin/../lib/gcc/arm-none-eabi/5.4.1/armv7-ar/thumb\libgcc.a(_aeabi_uldivmod.o)
 .debug_frame   0x0000006c       0x34 d:/rtt/env/env_released_1.1.2.alpha/env/tools/gnu_gcc/arm_gcc/mingw/bin/../lib/gcc/arm-none-eabi/5.4.1/armv7-ar/thumb\libgcc.a(_udivmoddi4.o)
 .debug_frame   0x000000a0       0x50 d:/rtt/env/env_released_1.1.2.alpha/env/tools/gnu_gcc/arm_gcc/mingw/bin/../lib/gcc/arm-none-eabi/5.4.1/../../../../arm-none-eabi/lib/armv7-ar/thumb\libc.a(lib_a-__call_atexit.o)
 .debug_frame   0x000000f0       0x20 d:/rtt/env/env_released_1.1.2.alpha/env/tools/gnu_gcc/arm_gcc/mingw/bin/../lib/gcc/arm-none-eabi/5.4.1/../../../../arm-none-eabi/lib/armv7-ar/thumb\libc.a(lib_a-atexit.o)
 .debug_frame   0x00000110       0x34 d:/rtt/env/env_released_1.1.2.alpha/env/tools/gnu_gcc/arm_gcc/mingw/bin/../lib/gcc/arm-none-eabi/5.4.1/../../../../arm-none-eabi/lib/armv7-ar/thumb\libc.a(lib_a-fini.o)
 .debug_frame   0x00000144       0x34 d:/rtt/env/env_released_1.1.2.alpha/env/tools/gnu_gcc/arm_gcc/mingw/bin/../lib/gcc/arm-none-eabi/5.4.1/../../../../arm-none-eabi/lib/armv7-ar/thumb\libc.a(lib_a-__atexit.o)

Cross Reference Table

Symbol                                            File
CAN1_DriverIRQHandler                             build\libraries\devices\MCIMX6Y2\system_MCIMX6Y2.o
CAN2_DriverIRQHandler                             build\libraries\devices\MCIMX6Y2\system_MCIMX6Y2.o
ECSPI1_DriverIRQHandler                           build\libraries\devices\MCIMX6Y2\system_MCIMX6Y2.o
ECSPI2_DriverIRQHandler                           build\libraries\devices\MCIMX6Y2\system_MCIMX6Y2.o
ECSPI3_DriverIRQHandler                           build\libraries\devices\MCIMX6Y2\system_MCIMX6Y2.o
ECSPI4_DriverIRQHandler                           build\libraries\devices\MCIMX6Y2\system_MCIMX6Y2.o
ENET1_Driver1588IRQHandler                        build\libraries\devices\MCIMX6Y2\system_MCIMX6Y2.o
ENET1_DriverIRQHandler                            build\libraries\devices\MCIMX6Y2\system_MCIMX6Y2.o
ENET2_Driver1588IRQHandler                        build\libraries\devices\MCIMX6Y2\system_MCIMX6Y2.o
ENET2_DriverIRQHandler                            build\libraries\devices\MCIMX6Y2\system_MCIMX6Y2.o
I2C1_DriverIRQHandler                             build\libraries\devices\MCIMX6Y2\system_MCIMX6Y2.o
I2C2_DriverIRQHandler                             build\libraries\devices\MCIMX6Y2\system_MCIMX6Y2.o
I2C3_DriverIRQHandler                             build\libraries\devices\MCIMX6Y2\system_MCIMX6Y2.o
I2C4_DriverIRQHandler                             build\libraries\devices\MCIMX6Y2\system_MCIMX6Y2.o
I2S1_DriverIRQHandler                             build\libraries\devices\MCIMX6Y2\system_MCIMX6Y2.o
I2S2_DriverIRQHandler                             build\libraries\devices\MCIMX6Y2\system_MCIMX6Y2.o
I2S3_Rx_DriverIRQHandler                          build\libraries\devices\MCIMX6Y2\system_MCIMX6Y2.o
I2S3_Tx_DriverIRQHandler                          build\libraries\devices\MCIMX6Y2\system_MCIMX6Y2.o
SDMA_DriverIRQHandler                             build\libraries\devices\MCIMX6Y2\system_MCIMX6Y2.o
SystemClearSystickFlag                            build\libraries\devices\MCIMX6Y2\system_MCIMX6Y2.o
SystemCoreClock                                   build\libraries\devices\MCIMX6Y2\system_MCIMX6Y2.o
SystemCoreClockUpdate                             build\libraries\devices\MCIMX6Y2\system_MCIMX6Y2.o
SystemGetIRQNestingLevel                          build\libraries\devices\MCIMX6Y2\system_MCIMX6Y2.o
SystemInit                                        build\libraries\devices\MCIMX6Y2\system_MCIMX6Y2.o
                                                  build\libcpu\start.o
SystemInitIrqTable                                build\libraries\devices\MCIMX6Y2\system_MCIMX6Y2.o
SystemInstallIrqHandler                           build\libraries\devices\MCIMX6Y2\system_MCIMX6Y2.o
SystemIrqHandler                                  build\libraries\devices\MCIMX6Y2\system_MCIMX6Y2.o
                                                  build\libcpu\start.o
SystemSetupSystick                                build\libraries\devices\MCIMX6Y2\system_MCIMX6Y2.o
UART1_DriverIRQHandler                            build\libraries\devices\MCIMX6Y2\system_MCIMX6Y2.o
UART2_DriverIRQHandler                            build\libraries\devices\MCIMX6Y2\system_MCIMX6Y2.o
UART3_DriverIRQHandler                            build\libraries\devices\MCIMX6Y2\system_MCIMX6Y2.o
UART4_DriverIRQHandler                            build\libraries\devices\MCIMX6Y2\system_MCIMX6Y2.o
UART5_DriverIRQHandler                            build\libraries\devices\MCIMX6Y2\system_MCIMX6Y2.o
UART6_DriverIRQHandler                            build\libraries\devices\MCIMX6Y2\system_MCIMX6Y2.o
UART7_DriverIRQHandler                            build\libraries\devices\MCIMX6Y2\system_MCIMX6Y2.o
UART8_DriverIRQHandler                            build\libraries\devices\MCIMX6Y2\system_MCIMX6Y2.o
USDHC1_DriverIRQHandler                           build\libraries\devices\MCIMX6Y2\system_MCIMX6Y2.o
USDHC2_DriverIRQHandler                           build\libraries\devices\MCIMX6Y2\system_MCIMX6Y2.o
_Jv_RegisterClasses                               d:/rtt/env/env_released_1.1.2.alpha/env/tools/gnu_gcc/arm_gcc/mingw/bin/../lib/gcc/arm-none-eabi/5.4.1/armv7-ar/thumb/crtbegin.o
__VECTOR_TABLE                                    build\libraries\devices\MCIMX6Y2\system_MCIMX6Y2.o
__adddf3                                          d:/rtt/env/env_released_1.1.2.alpha/env/tools/gnu_gcc/arm_gcc/mingw/bin/../lib/gcc/arm-none-eabi/5.4.1/armv7-ar/thumb\libgcc.a(_arm_addsubdf3.o)
__aeabi_d2iz                                      d:/rtt/env/env_released_1.1.2.alpha/env/tools/gnu_gcc/arm_gcc/mingw/bin/../lib/gcc/arm-none-eabi/5.4.1/armv7-ar/thumb\libgcc.a(_arm_fixdfsi.o)
                                                  build\kernel\components\libc\compilers\minilibc\math.o
__aeabi_dadd                                      d:/rtt/env/env_released_1.1.2.alpha/env/tools/gnu_gcc/arm_gcc/mingw/bin/../lib/gcc/arm-none-eabi/5.4.1/armv7-ar/thumb\libgcc.a(_arm_addsubdf3.o)
                                                  build\kernel\components\libc\compilers\minilibc\math.o
__aeabi_ddiv                                      d:/rtt/env/env_released_1.1.2.alpha/env/tools/gnu_gcc/arm_gcc/mingw/bin/../lib/gcc/arm-none-eabi/5.4.1/armv7-ar/thumb\libgcc.a(_arm_muldivdf3.o)
__aeabi_dmul                                      d:/rtt/env/env_released_1.1.2.alpha/env/tools/gnu_gcc/arm_gcc/mingw/bin/../lib/gcc/arm-none-eabi/5.4.1/armv7-ar/thumb\libgcc.a(_arm_muldivdf3.o)
                                                  build\kernel\components\libc\compilers\minilibc\math.o
__aeabi_drsub                                     d:/rtt/env/env_released_1.1.2.alpha/env/tools/gnu_gcc/arm_gcc/mingw/bin/../lib/gcc/arm-none-eabi/5.4.1/armv7-ar/thumb\libgcc.a(_arm_addsubdf3.o)
__aeabi_dsub                                      d:/rtt/env/env_released_1.1.2.alpha/env/tools/gnu_gcc/arm_gcc/mingw/bin/../lib/gcc/arm-none-eabi/5.4.1/armv7-ar/thumb\libgcc.a(_arm_addsubdf3.o)
                                                  build\kernel\components\libc\compilers\minilibc\math.o
__aeabi_f2d                                       d:/rtt/env/env_released_1.1.2.alpha/env/tools/gnu_gcc/arm_gcc/mingw/bin/../lib/gcc/arm-none-eabi/5.4.1/armv7-ar/thumb\libgcc.a(_arm_addsubdf3.o)
__aeabi_i2d                                       d:/rtt/env/env_released_1.1.2.alpha/env/tools/gnu_gcc/arm_gcc/mingw/bin/../lib/gcc/arm-none-eabi/5.4.1/armv7-ar/thumb\libgcc.a(_arm_addsubdf3.o)
                                                  build\kernel\components\libc\compilers\minilibc\math.o
__aeabi_idiv                                      d:/rtt/env/env_released_1.1.2.alpha/env/tools/gnu_gcc/arm_gcc/mingw/bin/../lib/gcc/arm-none-eabi/5.4.1/armv7-ar/thumb\libgcc.a(_divsi3.o)
                                                  build\kernel\components\libc\compilers\minilibc\time.o
                                                  build\kernel\components\libc\compilers\minilibc\rand.o
                                                  build\kernel\src\clock.o
__aeabi_idiv0                                     d:/rtt/env/env_released_1.1.2.alpha/env/tools/gnu_gcc/arm_gcc/mingw/bin/../lib/gcc/arm-none-eabi/5.4.1/armv7-ar/thumb\libgcc.a(_dvmd_tls.o)
                                                  d:/rtt/env/env_released_1.1.2.alpha/env/tools/gnu_gcc/arm_gcc/mingw/bin/../lib/gcc/arm-none-eabi/5.4.1/armv7-ar/thumb\libgcc.a(_divsi3.o)
                                                  d:/rtt/env/env_released_1.1.2.alpha/env/tools/gnu_gcc/arm_gcc/mingw/bin/../lib/gcc/arm-none-eabi/5.4.1/armv7-ar/thumb\libgcc.a(_udivsi3.o)
__aeabi_idivmod                                   d:/rtt/env/env_released_1.1.2.alpha/env/tools/gnu_gcc/arm_gcc/mingw/bin/../lib/gcc/arm-none-eabi/5.4.1/armv7-ar/thumb\libgcc.a(_divsi3.o)
                                                  build\kernel\components\libc\compilers\minilibc\time.o
                                                  build\kernel\components\libc\compilers\minilibc\rand.o
                                                  build\kernel\src\clock.o
__aeabi_l2d                                       d:/rtt/env/env_released_1.1.2.alpha/env/tools/gnu_gcc/arm_gcc/mingw/bin/../lib/gcc/arm-none-eabi/5.4.1/armv7-ar/thumb\libgcc.a(_arm_addsubdf3.o)
__aeabi_ldiv0                                     d:/rtt/env/env_released_1.1.2.alpha/env/tools/gnu_gcc/arm_gcc/mingw/bin/../lib/gcc/arm-none-eabi/5.4.1/armv7-ar/thumb\libgcc.a(_dvmd_tls.o)
                                                  d:/rtt/env/env_released_1.1.2.alpha/env/tools/gnu_gcc/arm_gcc/mingw/bin/../lib/gcc/arm-none-eabi/5.4.1/armv7-ar/thumb\libgcc.a(_aeabi_uldivmod.o)
__aeabi_ui2d                                      d:/rtt/env/env_released_1.1.2.alpha/env/tools/gnu_gcc/arm_gcc/mingw/bin/../lib/gcc/arm-none-eabi/5.4.1/armv7-ar/thumb\libgcc.a(_arm_addsubdf3.o)
__aeabi_uidiv                                     d:/rtt/env/env_released_1.1.2.alpha/env/tools/gnu_gcc/arm_gcc/mingw/bin/../lib/gcc/arm-none-eabi/5.4.1/armv7-ar/thumb\libgcc.a(_udivsi3.o)
                                                  build\kernel\src\ipc.o
                                                  build\libraries\devices\MCIMX6Y2\system_MCIMX6Y2.o
__aeabi_uidivmod                                  d:/rtt/env/env_released_1.1.2.alpha/env/tools/gnu_gcc/arm_gcc/mingw/bin/../lib/gcc/arm-none-eabi/5.4.1/armv7-ar/thumb\libgcc.a(_udivsi3.o)
                                                  build\kernel\src\kservice.o
__aeabi_ul2d                                      d:/rtt/env/env_released_1.1.2.alpha/env/tools/gnu_gcc/arm_gcc/mingw/bin/../lib/gcc/arm-none-eabi/5.4.1/armv7-ar/thumb\libgcc.a(_arm_addsubdf3.o)
__aeabi_uldivmod                                  d:/rtt/env/env_released_1.1.2.alpha/env/tools/gnu_gcc/arm_gcc/mingw/bin/../lib/gcc/arm-none-eabi/5.4.1/armv7-ar/thumb\libgcc.a(_aeabi_uldivmod.o)
                                                  build\libraries\devices\MCIMX6Y2\system_MCIMX6Y2.o
__bss_end                                         build\libcpu\start.o
__bss_end__                                       d:/rtt/env/env_released_1.1.2.alpha/env/tools/gnu_gcc/arm_gcc/mingw/bin/../lib/gcc/arm-none-eabi/5.4.1/../../../../arm-none-eabi/lib/armv7-ar/thumb/crt0.o
__bss_start                                       build\libcpu\start.o
__bss_start__                                     d:/rtt/env/env_released_1.1.2.alpha/env/tools/gnu_gcc/arm_gcc/mingw/bin/../lib/gcc/arm-none-eabi/5.4.1/../../../../arm-none-eabi/lib/armv7-ar/thumb/crt0.o
__call_exitprocs                                  d:/rtt/env/env_released_1.1.2.alpha/env/tools/gnu_gcc/arm_gcc/mingw/bin/../lib/gcc/arm-none-eabi/5.4.1/../../../../arm-none-eabi/lib/armv7-ar/thumb\libc.a(lib_a-__call_atexit.o)
                                                  d:/rtt/env/env_released_1.1.2.alpha/env/tools/gnu_gcc/arm_gcc/mingw/bin/../lib/gcc/arm-none-eabi/5.4.1/../../../../arm-none-eabi/lib/armv7-ar/thumb\libc.a(lib_a-exit.o)
__deregister_frame_info                           d:/rtt/env/env_released_1.1.2.alpha/env/tools/gnu_gcc/arm_gcc/mingw/bin/../lib/gcc/arm-none-eabi/5.4.1/armv7-ar/thumb/crtbegin.o
__divdf3                                          d:/rtt/env/env_released_1.1.2.alpha/env/tools/gnu_gcc/arm_gcc/mingw/bin/../lib/gcc/arm-none-eabi/5.4.1/armv7-ar/thumb\libgcc.a(_arm_muldivdf3.o)
__divsi3                                          d:/rtt/env/env_released_1.1.2.alpha/env/tools/gnu_gcc/arm_gcc/mingw/bin/../lib/gcc/arm-none-eabi/5.4.1/armv7-ar/thumb\libgcc.a(_divsi3.o)
__dso_handle                                      d:/rtt/env/env_released_1.1.2.alpha/env/tools/gnu_gcc/arm_gcc/mingw/bin/../lib/gcc/arm-none-eabi/5.4.1/armv7-ar/thumb/crtbegin.o
__extendsfdf2                                     d:/rtt/env/env_released_1.1.2.alpha/env/tools/gnu_gcc/arm_gcc/mingw/bin/../lib/gcc/arm-none-eabi/5.4.1/armv7-ar/thumb\libgcc.a(_arm_addsubdf3.o)
__fini_array_end                                  d:/rtt/env/env_released_1.1.2.alpha/env/tools/gnu_gcc/arm_gcc/mingw/bin/../lib/gcc/arm-none-eabi/5.4.1/../../../../arm-none-eabi/lib/armv7-ar/thumb\libc.a(lib_a-fini.o)
__fini_array_start                                d:/rtt/env/env_released_1.1.2.alpha/env/tools/gnu_gcc/arm_gcc/mingw/bin/../lib/gcc/arm-none-eabi/5.4.1/../../../../arm-none-eabi/lib/armv7-ar/thumb\libc.a(lib_a-fini.o)
__fixdfsi                                         d:/rtt/env/env_released_1.1.2.alpha/env/tools/gnu_gcc/arm_gcc/mingw/bin/../lib/gcc/arm-none-eabi/5.4.1/armv7-ar/thumb\libgcc.a(_arm_fixdfsi.o)
__floatdidf                                       d:/rtt/env/env_released_1.1.2.alpha/env/tools/gnu_gcc/arm_gcc/mingw/bin/../lib/gcc/arm-none-eabi/5.4.1/armv7-ar/thumb\libgcc.a(_arm_addsubdf3.o)
__floatsidf                                       d:/rtt/env/env_released_1.1.2.alpha/env/tools/gnu_gcc/arm_gcc/mingw/bin/../lib/gcc/arm-none-eabi/5.4.1/armv7-ar/thumb\libgcc.a(_arm_addsubdf3.o)
__floatundidf                                     d:/rtt/env/env_released_1.1.2.alpha/env/tools/gnu_gcc/arm_gcc/mingw/bin/../lib/gcc/arm-none-eabi/5.4.1/armv7-ar/thumb\libgcc.a(_arm_addsubdf3.o)
__floatunsidf                                     d:/rtt/env/env_released_1.1.2.alpha/env/tools/gnu_gcc/arm_gcc/mingw/bin/../lib/gcc/arm-none-eabi/5.4.1/armv7-ar/thumb\libgcc.a(_arm_addsubdf3.o)
__init_array_end                                  d:/rtt/env/env_released_1.1.2.alpha/env/tools/gnu_gcc/arm_gcc/mingw/bin/../lib/gcc/arm-none-eabi/5.4.1/../../../../arm-none-eabi/lib/armv7-ar/thumb\libc.a(lib_a-init.o)
__init_array_start                                d:/rtt/env/env_released_1.1.2.alpha/env/tools/gnu_gcc/arm_gcc/mingw/bin/../lib/gcc/arm-none-eabi/5.4.1/../../../../arm-none-eabi/lib/armv7-ar/thumb\libc.a(lib_a-init.o)
__isleap                                          build\kernel\components\libc\compilers\minilibc\time.o
__libc_fini                                       d:/rtt/env/env_released_1.1.2.alpha/env/tools/gnu_gcc/arm_gcc/mingw/bin/../lib/gcc/arm-none-eabi/5.4.1/../../../../arm-none-eabi/lib/armv7-ar/thumb\libc.a(lib_a-__call_atexit.o)
__libc_fini_array                                 d:/rtt/env/env_released_1.1.2.alpha/env/tools/gnu_gcc/arm_gcc/mingw/bin/../lib/gcc/arm-none-eabi/5.4.1/../../../../arm-none-eabi/lib/armv7-ar/thumb\libc.a(lib_a-fini.o)
                                                  d:/rtt/env/env_released_1.1.2.alpha/env/tools/gnu_gcc/arm_gcc/mingw/bin/../lib/gcc/arm-none-eabi/5.4.1/../../../../arm-none-eabi/lib/armv7-ar/thumb\libc.a(lib_a-__call_atexit.o)
                                                  d:/rtt/env/env_released_1.1.2.alpha/env/tools/gnu_gcc/arm_gcc/mingw/bin/../lib/gcc/arm-none-eabi/5.4.1/../../../../arm-none-eabi/lib/armv7-ar/thumb/crt0.o
__libc_init_array                                 d:/rtt/env/env_released_1.1.2.alpha/env/tools/gnu_gcc/arm_gcc/mingw/bin/../lib/gcc/arm-none-eabi/5.4.1/../../../../arm-none-eabi/lib/armv7-ar/thumb\libc.a(lib_a-init.o)
                                                  d:/rtt/env/env_released_1.1.2.alpha/env/tools/gnu_gcc/arm_gcc/mingw/bin/../lib/gcc/arm-none-eabi/5.4.1/../../../../arm-none-eabi/lib/armv7-ar/thumb/crt0.o
__lowest_bit_bitmap                               build\kernel\src\kservice.o
__muldf3                                          d:/rtt/env/env_released_1.1.2.alpha/env/tools/gnu_gcc/arm_gcc/mingw/bin/../lib/gcc/arm-none-eabi/5.4.1/armv7-ar/thumb\libgcc.a(_arm_muldivdf3.o)
__preinit_array_end                               d:/rtt/env/env_released_1.1.2.alpha/env/tools/gnu_gcc/arm_gcc/mingw/bin/../lib/gcc/arm-none-eabi/5.4.1/../../../../arm-none-eabi/lib/armv7-ar/thumb\libc.a(lib_a-init.o)
__preinit_array_start                             d:/rtt/env/env_released_1.1.2.alpha/env/tools/gnu_gcc/arm_gcc/mingw/bin/../lib/gcc/arm-none-eabi/5.4.1/../../../../arm-none-eabi/lib/armv7-ar/thumb\libc.a(lib_a-init.o)
__register_exitproc                               d:/rtt/env/env_released_1.1.2.alpha/env/tools/gnu_gcc/arm_gcc/mingw/bin/../lib/gcc/arm-none-eabi/5.4.1/../../../../arm-none-eabi/lib/armv7-ar/thumb\libc.a(lib_a-__atexit.o)
                                                  d:/rtt/env/env_released_1.1.2.alpha/env/tools/gnu_gcc/arm_gcc/mingw/bin/../lib/gcc/arm-none-eabi/5.4.1/../../../../arm-none-eabi/lib/armv7-ar/thumb\libc.a(lib_a-atexit.o)
__register_frame_info                             d:/rtt/env/env_released_1.1.2.alpha/env/tools/gnu_gcc/arm_gcc/mingw/bin/../lib/gcc/arm-none-eabi/5.4.1/armv7-ar/thumb/crtbegin.o
__rt_ffs                                          build\kernel\src\kservice.o
                                                  build\kernel\src\scheduler.o
__rt_init_rti_board_end                           build\kernel\src\components.o
__rt_init_rti_board_start                         build\kernel\src\components.o
__rt_init_rti_end                                 build\kernel\src\components.o
__rt_init_rti_start                               build\kernel\src\components.o
__spm                                             build\kernel\components\libc\compilers\minilibc\time.o
__stack                                           d:/rtt/env/env_released_1.1.2.alpha/env/tools/gnu_gcc/arm_gcc/mingw/bin/../lib/gcc/arm-none-eabi/5.4.1/../../../../arm-none-eabi/lib/armv7-ar/thumb/crt0.o
__subdf3                                          d:/rtt/env/env_released_1.1.2.alpha/env/tools/gnu_gcc/arm_gcc/mingw/bin/../lib/gcc/arm-none-eabi/5.4.1/armv7-ar/thumb\libgcc.a(_arm_addsubdf3.o)
__udivmoddi4                                      d:/rtt/env/env_released_1.1.2.alpha/env/tools/gnu_gcc/arm_gcc/mingw/bin/../lib/gcc/arm-none-eabi/5.4.1/armv7-ar/thumb\libgcc.a(_udivmoddi4.o)
                                                  d:/rtt/env/env_released_1.1.2.alpha/env/tools/gnu_gcc/arm_gcc/mingw/bin/../lib/gcc/arm-none-eabi/5.4.1/armv7-ar/thumb\libgcc.a(_aeabi_uldivmod.o)
__udivsi3                                         d:/rtt/env/env_released_1.1.2.alpha/env/tools/gnu_gcc/arm_gcc/mingw/bin/../lib/gcc/arm-none-eabi/5.4.1/armv7-ar/thumb\libgcc.a(_udivsi3.o)
_ctype                                            build\kernel\components\libc\compilers\minilibc\string.o
_exit                                             d:/rtt/env/env_released_1.1.2.alpha/env/tools/gnu_gcc/arm_gcc/mingw/bin/../lib/gcc/arm-none-eabi/5.4.1/../../../../arm-none-eabi/lib/armv7-ar/thumb\libc.a(lib_a-exit.o)
_fini                                             d:/rtt/env/env_released_1.1.2.alpha/env/tools/gnu_gcc/arm_gcc/mingw/bin/../lib/gcc/arm-none-eabi/5.4.1/armv7-ar/thumb/crti.o
                                                  d:/rtt/env/env_released_1.1.2.alpha/env/tools/gnu_gcc/arm_gcc/mingw/bin/../lib/gcc/arm-none-eabi/5.4.1/../../../../arm-none-eabi/lib/armv7-ar/thumb\libc.a(lib_a-fini.o)
_gettimeofday                                     build\kernel\components\libc\compilers\minilibc\time.o
_global_impure_ptr                                d:/rtt/env/env_released_1.1.2.alpha/env/tools/gnu_gcc/arm_gcc/mingw/bin/../lib/gcc/arm-none-eabi/5.4.1/../../../../arm-none-eabi/lib/armv7-ar/thumb\libc.a(lib_a-impure.o)
                                                  d:/rtt/env/env_released_1.1.2.alpha/env/tools/gnu_gcc/arm_gcc/mingw/bin/../lib/gcc/arm-none-eabi/5.4.1/../../../../arm-none-eabi/lib/armv7-ar/thumb\libc.a(lib_a-__atexit.o)
                                                  d:/rtt/env/env_released_1.1.2.alpha/env/tools/gnu_gcc/arm_gcc/mingw/bin/../lib/gcc/arm-none-eabi/5.4.1/../../../../arm-none-eabi/lib/armv7-ar/thumb\libc.a(lib_a-__call_atexit.o)
                                                  d:/rtt/env/env_released_1.1.2.alpha/env/tools/gnu_gcc/arm_gcc/mingw/bin/../lib/gcc/arm-none-eabi/5.4.1/../../../../arm-none-eabi/lib/armv7-ar/thumb\libc.a(lib_a-exit.o)
_impure_ptr                                       d:/rtt/env/env_released_1.1.2.alpha/env/tools/gnu_gcc/arm_gcc/mingw/bin/../lib/gcc/arm-none-eabi/5.4.1/../../../../arm-none-eabi/lib/armv7-ar/thumb\libc.a(lib_a-impure.o)
_init                                             d:/rtt/env/env_released_1.1.2.alpha/env/tools/gnu_gcc/arm_gcc/mingw/bin/../lib/gcc/arm-none-eabi/5.4.1/armv7-ar/thumb/crti.o
                                                  d:/rtt/env/env_released_1.1.2.alpha/env/tools/gnu_gcc/arm_gcc/mingw/bin/../lib/gcc/arm-none-eabi/5.4.1/../../../../arm-none-eabi/lib/armv7-ar/thumb\libc.a(lib_a-init.o)
_mainCRTStartup                                   d:/rtt/env/env_released_1.1.2.alpha/env/tools/gnu_gcc/arm_gcc/mingw/bin/../lib/gcc/arm-none-eabi/5.4.1/../../../../arm-none-eabi/lib/armv7-ar/thumb/crt0.o
_rt_errno                                         build\kernel\src\kservice.o
_start                                            d:/rtt/env/env_released_1.1.2.alpha/env/tools/gnu_gcc/arm_gcc/mingw/bin/../lib/gcc/arm-none-eabi/5.4.1/../../../../arm-none-eabi/lib/armv7-ar/thumb/crt0.o
asctime                                           build\kernel\components\libc\compilers\minilibc\time.o
asctime_r                                         build\kernel\components\libc\compilers\minilibc\time.o
atexit                                            d:/rtt/env/env_released_1.1.2.alpha/env/tools/gnu_gcc/arm_gcc/mingw/bin/../lib/gcc/arm-none-eabi/5.4.1/../../../../arm-none-eabi/lib/armv7-ar/thumb\libc.a(lib_a-atexit.o)
                                                  d:/rtt/env/env_released_1.1.2.alpha/env/tools/gnu_gcc/arm_gcc/mingw/bin/../lib/gcc/arm-none-eabi/5.4.1/../../../../arm-none-eabi/lib/armv7-ar/thumb\libc.a(lib_a-__call_atexit.o)
                                                  d:/rtt/env/env_released_1.1.2.alpha/env/tools/gnu_gcc/arm_gcc/mingw/bin/../lib/gcc/arm-none-eabi/5.4.1/../../../../arm-none-eabi/lib/armv7-ar/thumb/crt0.o
atoi                                              build\kernel\components\libc\compilers\minilibc\stdlib.o
atol                                              build\kernel\components\libc\compilers\minilibc\stdlib.o
clk_enable                                        build\applications\main.o
clock                                             build\kernel\components\libc\compilers\minilibc\time.o
cos                                               build\kernel\components\libc\compilers\minilibc\math.o
ctime                                             build\kernel\components\libc\compilers\minilibc\time.o
delay                                             build\applications\main.o
delay_short                                       build\applications\main.o
entry                                             build\kernel\src\components.o
exit                                              d:/rtt/env/env_released_1.1.2.alpha/env/tools/gnu_gcc/arm_gcc/mingw/bin/../lib/gcc/arm-none-eabi/5.4.1/../../../../arm-none-eabi/lib/armv7-ar/thumb\libc.a(lib_a-exit.o)
                                                  d:/rtt/env/env_released_1.1.2.alpha/env/tools/gnu_gcc/arm_gcc/mingw/bin/../lib/gcc/arm-none-eabi/5.4.1/../../../../arm-none-eabi/lib/armv7-ar/thumb/crt0.o
free                                              d:/rtt/env/env_released_1.1.2.alpha/env/tools/gnu_gcc/arm_gcc/mingw/bin/../lib/gcc/arm-none-eabi/5.4.1/../../../../arm-none-eabi/lib/armv7-ar/thumb\libc.a(lib_a-__call_atexit.o)
gettimeofday                                      build\kernel\components\libc\compilers\minilibc\time.o
gmtime_r                                          build\kernel\components\libc\compilers\minilibc\time.o
hardware_init_hook                                d:/rtt/env/env_released_1.1.2.alpha/env/tools/gnu_gcc/arm_gcc/mingw/bin/../lib/gcc/arm-none-eabi/5.4.1/../../../../arm-none-eabi/lib/armv7-ar/thumb/crt0.o
isalpha                                           build\kernel\components\libc\compilers\minilibc\ctype.o
isdigit                                           build\kernel\components\libc\compilers\minilibc\ctype.o
isprint                                           build\kernel\components\libc\compilers\minilibc\ctype.o
isspace                                           build\kernel\components\libc\compilers\minilibc\ctype.o
led_init                                          build\applications\main.o
led_off                                           build\applications\main.o
led_on                                            build\applications\main.o
localtime                                         build\kernel\components\libc\compilers\minilibc\time.o
localtime_r                                       build\kernel\components\libc\compilers\minilibc\time.o
main                                              build\applications\main.o
                                                  build\kernel\src\components.o
                                                  build\libcpu\start.o
                                                  d:/rtt/env/env_released_1.1.2.alpha/env/tools/gnu_gcc/arm_gcc/mingw/bin/../lib/gcc/arm-none-eabi/5.4.1/../../../../arm-none-eabi/lib/armv7-ar/thumb/crt0.o
main_thread                                       build\kernel\src\components.o
main_thread_entry                                 build\kernel\src\components.o
malloc                                            d:/rtt/env/env_released_1.1.2.alpha/env/tools/gnu_gcc/arm_gcc/mingw/bin/../lib/gcc/arm-none-eabi/5.4.1/../../../../arm-none-eabi/lib/armv7-ar/thumb\libc.a(lib_a-__atexit.o)
memcmp                                            build\kernel\src\kservice.o
memcpy                                            build\kernel\src\kservice.o
memmove                                           build\kernel\src\kservice.o
memset                                            build\kernel\src\kservice.o
                                                  d:/rtt/env/env_released_1.1.2.alpha/env/tools/gnu_gcc/arm_gcc/mingw/bin/../lib/gcc/arm-none-eabi/5.4.1/../../../../arm-none-eabi/lib/armv7-ar/thumb/crt0.o
mktime                                            build\kernel\components\libc\compilers\minilibc\time.o
qsort                                             build\kernel\components\libc\compilers\minilibc\qsort.o
rand                                              build\kernel\components\libc\compilers\minilibc\rand.o
rand_r                                            build\kernel\components\libc\compilers\minilibc\rand.o
random                                            build\kernel\components\libc\compilers\minilibc\rand.o
reset                                             build\libcpu\start.o
rt_application_init                               build\kernel\src\components.o
rt_components_board_init                          build\kernel\src\components.o
rt_components_init                                build\kernel\src\components.o
rt_critical_level                                 build\kernel\src\scheduler.o
rt_current_priority                               build\kernel\src\scheduler.o
rt_current_thread                                 build\kernel\src\scheduler.o
                                                  build\kernel\src\thread.o
rt_device_close                                   build\kernel\src\device.o
rt_device_control                                 build\kernel\src\device.o
                                                  build\kernel\components\libc\compilers\minilibc\time.o
rt_device_find                                    build\kernel\src\device.o
                                                  build\kernel\components\libc\compilers\minilibc\time.o
rt_device_init                                    build\kernel\src\device.o
rt_device_init_all                                build\kernel\src\device.o
rt_device_open                                    build\kernel\src\device.o
rt_device_read                                    build\kernel\src\device.o
rt_device_register                                build\kernel\src\device.o
rt_device_set_rx_indicate                         build\kernel\src\device.o
rt_device_set_tx_complete                         build\kernel\src\device.o
rt_device_unregister                              build\kernel\src\device.o
rt_device_write                                   build\kernel\src\device.o
rt_enter_critical                                 build\kernel\src\scheduler.o
                                                  build\kernel\src\thread.o
                                                  build\kernel\src\object.o
                                                  build\kernel\src\idle.o
                                                  build\kernel\src\device.o
rt_event_control                                  build\kernel\src\ipc.o
rt_event_detach                                   build\kernel\src\ipc.o
rt_event_init                                     build\kernel\src\ipc.o
rt_event_recv                                     build\kernel\src\ipc.o
rt_event_send                                     build\kernel\src\ipc.o
rt_exit_critical                                  build\kernel\src\scheduler.o
                                                  build\kernel\src\thread.o
                                                  build\kernel\src\object.o
                                                  build\kernel\src\idle.o
                                                  build\kernel\src\device.o
rt_get_errno                                      build\kernel\src\kservice.o
rt_hw_board_init                                  build\drivers\board.o
                                                  build\kernel\src\components.o
rt_hw_context_switch                              build\libcpu\context_gcc.o
                                                  build\kernel\src\scheduler.o
rt_hw_context_switch_exit                         build\libcpu\context_gcc.o
rt_hw_context_switch_interrupt                    build\libcpu\context_gcc.o
                                                  build\kernel\src\scheduler.o
rt_hw_context_switch_to                           build\libcpu\context_gcc.o
                                                  build\kernel\src\scheduler.o
rt_hw_interrupt_disable                           build\libcpu\context_gcc.o
                                                  build\kernel\src\timer.o
                                                  build\kernel\src\thread.o
                                                  build\kernel\src\scheduler.o
                                                  build\kernel\src\object.o
                                                  build\kernel\src\irq.o
                                                  build\kernel\src\ipc.o
                                                  build\kernel\src\idle.o
                                                  build\kernel\src\components.o
                                                  build\kernel\src\clock.o
rt_hw_interrupt_enable                            build\libcpu\context_gcc.o
                                                  build\kernel\src\timer.o
                                                  build\kernel\src\thread.o
                                                  build\kernel\src\scheduler.o
                                                  build\kernel\src\object.o
                                                  build\kernel\src\irq.o
                                                  build\kernel\src\ipc.o
                                                  build\kernel\src\idle.o
                                                  build\kernel\src\clock.o
rt_hw_stack_init                                  build\libcpu\stack.o
                                                  build\kernel\src\thread.o
rt_interrupt_enter                                build\kernel\src\irq.o
rt_interrupt_from_thread                          build\libcpu\interrupt.o
                                                  build\libcpu\context_gcc.o
rt_interrupt_get_nest                             build\kernel\src\irq.o
                                                  build\kernel\src\kservice.o
rt_interrupt_leave                                build\kernel\src\irq.o
rt_interrupt_nest                                 build\kernel\src\irq.o
                                                  build\kernel\src\scheduler.o
rt_interrupt_to_thread                            build\libcpu\interrupt.o
                                                  build\libcpu\context_gcc.o
rt_mb_control                                     build\kernel\src\ipc.o
rt_mb_detach                                      build\kernel\src\ipc.o
rt_mb_init                                        build\kernel\src\ipc.o
rt_mb_recv                                        build\kernel\src\ipc.o
rt_mb_send                                        build\kernel\src\ipc.o
rt_mb_send_wait                                   build\kernel\src\ipc.o
rt_memcmp                                         build\kernel\src\kservice.o
rt_memcpy                                         build\kernel\src\kservice.o
                                                  build\kernel\src\ipc.o
rt_memmove                                        build\kernel\src\kservice.o
rt_memset                                         build\kernel\src\kservice.o
                                                  build\kernel\src\thread.o
rt_mq_control                                     build\kernel\src\ipc.o
rt_mq_detach                                      build\kernel\src\ipc.o
rt_mq_init                                        build\kernel\src\ipc.o
rt_mq_recv                                        build\kernel\src\ipc.o
rt_mq_send                                        build\kernel\src\ipc.o
rt_mq_send_wait                                   build\kernel\src\ipc.o
rt_mq_urgent                                      build\kernel\src\ipc.o
rt_mutex_control                                  build\kernel\src\ipc.o
rt_mutex_detach                                   build\kernel\src\ipc.o
rt_mutex_init                                     build\kernel\src\ipc.o
rt_mutex_release                                  build\kernel\src\ipc.o
rt_mutex_take                                     build\kernel\src\ipc.o
rt_object_detach                                  build\kernel\src\object.o
                                                  build\kernel\src\timer.o
                                                  build\kernel\src\thread.o
                                                  build\kernel\src\ipc.o
                                                  build\kernel\src\idle.o
                                                  build\kernel\src\device.o
rt_object_find                                    build\kernel\src\object.o
rt_object_get_information                         build\kernel\src\object.o
                                                  build\kernel\src\thread.o
                                                  build\kernel\src\device.o
rt_object_get_length                              build\kernel\src\object.o
rt_object_get_pointers                            build\kernel\src\object.o
rt_object_get_type                                build\kernel\src\object.o
rt_object_init                                    build\kernel\src\object.o
                                                  build\kernel\src\timer.o
                                                  build\kernel\src\thread.o
                                                  build\kernel\src\ipc.o
                                                  build\kernel\src\device.o
rt_object_is_systemobject                         build\kernel\src\object.o
                                                  build\kernel\src\thread.o
                                                  build\kernel\src\idle.o
rt_schedule                                       build\kernel\src\scheduler.o
                                                  build\kernel\src\thread.o
                                                  build\kernel\src\ipc.o
rt_schedule_insert_thread                         build\kernel\src\scheduler.o
                                                  build\kernel\src\thread.o
rt_schedule_remove_thread                         build\kernel\src\scheduler.o
                                                  build\kernel\src\thread.o
rt_sem_control                                    build\kernel\src\ipc.o
rt_sem_detach                                     build\kernel\src\ipc.o
rt_sem_init                                       build\kernel\src\ipc.o
rt_sem_release                                    build\kernel\src\ipc.o
rt_sem_take                                       build\kernel\src\ipc.o
rt_sem_trytake                                    build\kernel\src\ipc.o
rt_set_errno                                      build\kernel\src\kservice.o
                                                  build\kernel\src\device.o
rt_show_version                                   build\kernel\src\kservice.o
                                                  build\kernel\src\components.o
rt_snprintf                                       build\kernel\src\kservice.o
rt_sprintf                                        build\kernel\src\kservice.o
                                                  build\kernel\src\idle.o
rt_strcasecmp                                     build\kernel\src\kservice.o
rt_strcmp                                         build\kernel\src\kservice.o
rt_strlen                                         build\kernel\src\kservice.o
                                                  build\kernel\components\libc\compilers\minilibc\string.o
rt_strncmp                                        build\kernel\src\kservice.o
                                                  build\kernel\src\thread.o
                                                  build\kernel\src\object.o
                                                  build\kernel\src\device.o
rt_strncpy                                        build\kernel\src\kservice.o
                                                  build\kernel\components\libc\compilers\minilibc\string.o
                                                  build\kernel\src\object.o
rt_strnlen                                        build\kernel\src\kservice.o
rt_strstr                                         build\kernel\src\kservice.o
rt_system_object_init                             build\kernel\src\object.o
rt_system_scheduler_init                          build\kernel\src\scheduler.o
                                                  build\kernel\src\components.o
rt_system_scheduler_start                         build\kernel\src\scheduler.o
                                                  build\kernel\src\components.o
rt_system_tick_init                               build\kernel\src\clock.o
rt_system_timer_init                              build\kernel\src\timer.o
                                                  build\kernel\src\components.o
rt_system_timer_thread_init                       build\kernel\src\timer.o
                                                  build\kernel\src\components.o
rt_thread_control                                 build\kernel\src\thread.o
                                                  build\kernel\src\ipc.o
rt_thread_defunct                                 build\kernel\src\scheduler.o
                                                  build\kernel\src\thread.o
                                                  build\kernel\src\idle.o
rt_thread_delay                                   build\kernel\src\thread.o
rt_thread_delay_until                             build\kernel\src\thread.o
rt_thread_detach                                  build\kernel\src\thread.o
rt_thread_exit                                    build\kernel\src\thread.o
rt_thread_find                                    build\kernel\src\thread.o
rt_thread_idle_excute                             build\kernel\src\idle.o
rt_thread_idle_gethandler                         build\kernel\src\idle.o
rt_thread_idle_init                               build\kernel\src\idle.o
                                                  build\kernel\src\components.o
rt_thread_init                                    build\kernel\src\thread.o
                                                  build\kernel\src\idle.o
                                                  build\kernel\src\components.o
rt_thread_mdelay                                  build\kernel\src\thread.o
rt_thread_priority_table                          build\kernel\src\scheduler.o
rt_thread_ready_priority_group                    build\kernel\src\scheduler.o
rt_thread_resume                                  build\kernel\src\thread.o
                                                  build\kernel\src\ipc.o
rt_thread_self                                    build\kernel\src\thread.o
                                                  build\kernel\src\kservice.o
                                                  build\kernel\src\ipc.o
                                                  build\kernel\src\device.o
                                                  build\kernel\src\clock.o
rt_thread_sleep                                   build\kernel\src\thread.o
rt_thread_startup                                 build\kernel\src\thread.o
                                                  build\kernel\src\idle.o
                                                  build\kernel\src\components.o
rt_thread_suspend                                 build\kernel\src\thread.o
                                                  build\kernel\src\ipc.o
rt_thread_switch_interrupt_flag                   build\libcpu\interrupt.o
                                                  build\libcpu\context_gcc.o
rt_thread_timeout                                 build\kernel\src\thread.o
rt_thread_yield                                   build\kernel\src\thread.o
                                                  build\kernel\src\clock.o
rt_tick_from_millisecond                          build\kernel\src\clock.o
                                                  build\kernel\src\thread.o
rt_tick_get                                       build\kernel\src\clock.o
                                                  build\kernel\components\libc\compilers\minilibc\time.o
                                                  build\kernel\src\timer.o
                                                  build\kernel\src\thread.o
                                                  build\kernel\src\ipc.o
rt_tick_increase                                  build\kernel\src\clock.o
rt_tick_set                                       build\kernel\src\clock.o
rt_timer_check                                    build\kernel\src\timer.o
                                                  build\kernel\src\clock.o
rt_timer_control                                  build\kernel\src\timer.o
                                                  build\kernel\src\thread.o
                                                  build\kernel\src\ipc.o
rt_timer_detach                                   build\kernel\src\timer.o
                                                  build\kernel\src\thread.o
rt_timer_init                                     build\kernel\src\timer.o
                                                  build\kernel\src\thread.o
rt_timer_next_timeout_tick                        build\kernel\src\timer.o
rt_timer_start                                    build\kernel\src\timer.o
                                                  build\kernel\src\thread.o
                                                  build\kernel\src\ipc.o
rt_timer_stop                                     build\kernel\src\timer.o
                                                  build\kernel\src\thread.o
rt_vsnprintf                                      build\kernel\src\kservice.o
rt_vsprintf                                       build\kernel\src\kservice.o
rtthread_startup                                  build\kernel\src\components.o
simple_strtol                                     build\kernel\components\libc\compilers\minilibc\string.o
simple_strtoll                                    build\kernel\components\libc\compilers\minilibc\string.o
simple_strtoul                                    build\kernel\components\libc\compilers\minilibc\string.o
simple_strtoull                                   build\kernel\components\libc\compilers\minilibc\string.o
sin                                               build\kernel\components\libc\compilers\minilibc\math.o
snprintf                                          build\kernel\src\kservice.o
software_init_hook                                d:/rtt/env/env_released_1.1.2.alpha/env/tools/gnu_gcc/arm_gcc/mingw/bin/../lib/gcc/arm-none-eabi/5.4.1/../../../../arm-none-eabi/lib/armv7-ar/thumb/crt0.o
sprintf                                           build\kernel\src\kservice.o
srand                                             build\kernel\components\libc\compilers\minilibc\rand.o
srandom                                           build\kernel\components\libc\compilers\minilibc\rand.o
sscanf                                            build\kernel\components\libc\compilers\minilibc\string.o
strcasecmp                                        build\kernel\src\kservice.o
strcat                                            build\kernel\components\libc\compilers\minilibc\string.o
strchr                                            build\kernel\components\libc\compilers\minilibc\string.o
strcmp                                            build\kernel\components\libc\compilers\minilibc\string.o
strcpy                                            build\kernel\components\libc\compilers\minilibc\string.o
strcspn                                           build\kernel\components\libc\compilers\minilibc\string.o
strlcpy                                           build\kernel\components\libc\compilers\minilibc\string.o
strlen                                            build\kernel\src\kservice.o
                                                  build\kernel\components\libc\compilers\minilibc\string.o
strncasecmp                                       build\kernel\components\libc\compilers\minilibc\string.o
strncat                                           build\kernel\components\libc\compilers\minilibc\string.o
strncmp                                           build\kernel\components\libc\compilers\minilibc\string.o
                                                  build\kernel\src\kservice.o
strncpy                                           build\kernel\components\libc\compilers\minilibc\string.o
                                                  build\kernel\src\kservice.o
strrchr                                           build\kernel\components\libc\compilers\minilibc\string.o
strspn                                            build\kernel\components\libc\compilers\minilibc\string.o
strstr                                            build\kernel\src\kservice.o
strtok                                            build\kernel\components\libc\compilers\minilibc\string.o
strtok_r                                          build\kernel\components\libc\compilers\minilibc\string.o
strtol                                            build\kernel\components\libc\compilers\minilibc\string.o
strtoll                                           build\kernel\components\libc\compilers\minilibc\string.o
system_vectors                                    build\libcpu\start.o
time                                              build\kernel\components\libc\compilers\minilibc\time.o
tolower                                           build\kernel\components\libc\compilers\minilibc\string.o
toupper                                           build\kernel\components\libc\compilers\minilibc\string.o
vmm_virq_update                                   build\libcpu\context_gcc.o
vsprintf                                          build\kernel\src\kservice.o
vsscanf                                           build\kernel\components\libc\compilers\minilibc\string.o
